[    0.000000] Initializing cgroup subsys cpuset
[    0.000000] Initializing cgroup subsys cpu
[    0.000000] Initializing cgroup subsys cpuacct
[    0.000000] Linux version 4.4.0-112-generic (buildd@lgw01-amd64-010) (gcc version 5.4.0 20160609 (Ubuntu 5.4.0-6ubuntu1~16.04.5) ) #135-Ubuntu SMP Fri Jan 19 11:48:36 UTC 2018 (Ubuntu 4.4.0-112.135-generic 4.4.98)
[    0.000000] Command line: BOOT_IMAGE=/boot/vmlinuz-4.4.0-112-generic root=LABEL=cloudimg-rootfs ro console=tty1 console=ttyS0
[    0.000000] KERNEL supported cpus:
[    0.000000]   Intel GenuineIntel
[    0.000000]   AMD AuthenticAMD
[    0.000000]   Centaur CentaurHauls
[    0.000000] x86/fpu: xstate_offset[2]:  576, xstate_sizes[2]:  256
[    0.000000] x86/fpu: Supporting XSAVE feature 0x01: 'x87 floating point registers'
[    0.000000] x86/fpu: Supporting XSAVE feature 0x02: 'SSE registers'
[    0.000000] x86/fpu: Supporting XSAVE feature 0x04: 'AVX registers'
[    0.000000] x86/fpu: Enabled xstate features 0x7, context size is 832 bytes, using 'standard' format.
[    0.000000] x86/fpu: Using 'lazy' FPU context switches.
[    0.000000] e820: BIOS-provided physical RAM map:
[    0.000000] BIOS-e820: [mem 0x0000000000000000-0x000000000009fbff] usable
[    0.000000] BIOS-e820: [mem 0x000000000009fc00-0x000000000009ffff] reserved
[    0.000000] BIOS-e820: [mem 0x00000000000f0000-0x00000000000fffff] reserved
[    0.000000] BIOS-e820: [mem 0x0000000000100000-0x000000003ffeffff] usable
[    0.000000] BIOS-e820: [mem 0x000000003fff0000-0x000000003fffffff] ACPI data
[    0.000000] BIOS-e820: [mem 0x00000000fec00000-0x00000000fec00fff] reserved
[    0.000000] BIOS-e820: [mem 0x00000000fee00000-0x00000000fee00fff] reserved
[    0.000000] BIOS-e820: [mem 0x00000000fffc0000-0x00000000ffffffff] reserved
[    0.000000] NX (Execute Disable) protection: active
[    0.000000] SMBIOS 2.5 present.
[    0.000000] Hypervisor detected: KVM
[    0.000000] e820: last_pfn = 0x3fff0 max_arch_pfn = 0x400000000
[    0.000000] MTRR: Disabled
[    0.000000] x86/PAT: MTRRs disabled, skipping PAT initialization too.
[    0.000000] CPU MTRRs all blank - virtualized system.
[    0.000000] x86/PAT: Configuration [0-7]: WB  WT  UC- UC  WB  WT  UC- UC  
[    0.000000] found SMP MP-table at [mem 0x0009fff0-0x0009ffff] mapped at [ffff88000009fff0]
[    0.000000] Scanning 1 areas for low memory corruption
[    0.000000] RAMDISK: [mem 0x36adc000-0x37565fff]
[    0.000000] ACPI: Early table checksum verification disabled
[    0.000000] ACPI: RSDP 0x00000000000E0000 000024 (v02 VBOX  )
[    0.000000] ACPI: XSDT 0x000000003FFF0030 00003C (v01 VBOX   VBOXXSDT 00000001 ASL  00000061)
[    0.000000] ACPI: FACP 0x000000003FFF00F0 0000F4 (v04 VBOX   VBOXFACP 00000001 ASL  00000061)
[    0.000000] ACPI: DSDT 0x000000003FFF0470 0021FF (v02 VBOX   VBOXBIOS 00000002 INTL 20100528)
[    0.000000] ACPI: FACS 0x000000003FFF0200 000040
[    0.000000] ACPI: FACS 0x000000003FFF0200 000040
[    0.000000] ACPI: APIC 0x000000003FFF0240 00005C (v02 VBOX   VBOXAPIC 00000001 ASL  00000061)
[    0.000000] ACPI: SSDT 0x000000003FFF02A0 0001CC (v01 VBOX   VBOXCPUT 00000002 INTL 20100528)
[    0.000000] No NUMA configuration found
[    0.000000] Faking a node at [mem 0x0000000000000000-0x000000003ffeffff]
[    0.000000] NODE_DATA(0) allocated [mem 0x3ffeb000-0x3ffeffff]
[    0.000000] kvm-clock: Using msrs 4b564d01 and 4b564d00
[    0.000000] kvm-clock: cpu 0, msr 0:3ffe3001, primary cpu clock
[    0.000000] kvm-clock: using sched offset of 7089089998 cycles
[    0.000000] clocksource: kvm-clock: mask: 0xffffffffffffffff max_cycles: 0x1cd42e4dffb, max_idle_ns: 881590591483 ns
[    0.000000] Zone ranges:
[    0.000000]   DMA      [mem 0x0000000000001000-0x0000000000ffffff]
[    0.000000]   DMA32    [mem 0x0000000001000000-0x000000003ffeffff]
[    0.000000]   Normal   empty
[    0.000000]   Device   empty
[    0.000000] Movable zone start for each node
[    0.000000] Early memory node ranges
[    0.000000]   node   0: [mem 0x0000000000001000-0x000000000009efff]
[    0.000000]   node   0: [mem 0x0000000000100000-0x000000003ffeffff]
[    0.000000] Initmem setup node 0 [mem 0x0000000000001000-0x000000003ffeffff]
[    0.000000] ACPI: PM-Timer IO Port: 0x4008
[    0.000000] IOAPIC[0]: apic_id 2, version 32, address 0xfec00000, GSI 0-23
[    0.000000] ACPI: INT_SRC_OVR (bus 0 bus_irq 0 global_irq 2 dfl dfl)
[    0.000000] ACPI: INT_SRC_OVR (bus 0 bus_irq 9 global_irq 9 low level)
[    0.000000] Using ACPI (MADT) for SMP configuration information
[    0.000000] smpboot: Allowing 2 CPUs, 0 hotplug CPUs
[    0.000000] PM: Registered nosave memory: [mem 0x00000000-0x00000fff]
[    0.000000] PM: Registered nosave memory: [mem 0x0009f000-0x0009ffff]
[    0.000000] PM: Registered nosave memory: [mem 0x000a0000-0x000effff]
[    0.000000] PM: Registered nosave memory: [mem 0x000f0000-0x000fffff]
[    0.000000] e820: [mem 0x40000000-0xfebfffff] available for PCI devices
[    0.000000] Booting paravirtualized kernel on KVM
[    0.000000] clocksource: refined-jiffies: mask: 0xffffffff max_cycles: 0xffffffff, max_idle_ns: 7645519600211568 ns
[    0.000000] setup_percpu: NR_CPUS:512 nr_cpumask_bits:512 nr_cpu_ids:2 nr_node_ids:1
[    0.000000] PERCPU: Embedded 34 pages/cpu @ffff88003fc00000 s99544 r8192 d31528 u1048576
[    0.000000] PV qspinlock hash table entries: 256 (order: 0, 4096 bytes)
[    0.000000] Built 1 zonelists in Node order, mobility grouping on.  Total pages: 257913
[    0.000000] Policy zone: DMA32
[    0.000000] Kernel command line: BOOT_IMAGE=/boot/vmlinuz-4.4.0-112-generic root=LABEL=cloudimg-rootfs ro console=tty1 console=ttyS0
[    0.000000] PID hash table entries: 4096 (order: 3, 32768 bytes)
[    0.000000] Memory: 1001740K/1048120K available (8499K kernel code, 1309K rwdata, 3988K rodata, 1508K init, 1316K bss, 46380K reserved, 0K cma-reserved)
[    0.000000] SLUB: HWalign=64, Order=0-3, MinObjects=0, CPUs=2, Nodes=1
[    0.000000] Kernel/User page tables isolation: enabled
[    0.000000] Hierarchical RCU implementation.
[    0.000000] 	Build-time adjustment of leaf fanout to 64.
[    0.000000] 	RCU restricting CPUs from NR_CPUS=512 to nr_cpu_ids=2.
[    0.000000] RCU: Adjusting geometry for rcu_fanout_leaf=64, nr_cpu_ids=2
[    0.000000] NR_IRQS:33024 nr_irqs:440 16
[    0.000000] Console: colour VGA+ 80x25
[    0.000000] console [tty1] enabled
[    0.000000] console [ttyS0] enabled
[    0.000000] tsc: Detected 2494.226 MHz processor
[    0.943549] Calibrating delay loop (skipped) preset value.. 4988.45 BogoMIPS (lpj=9976904)
[    0.953845] pid_max: default: 32768 minimum: 301
[    0.959485] ACPI: Core revision 20150930
[    0.969236] ACPI: 2 ACPI AML tables successfully acquired and loaded
[    0.977346] Security Framework initialized
[    0.982247] Yama: becoming mindful.
[    0.986491] AppArmor: AppArmor initialized
[    0.991753] Dentry cache hash table entries: 131072 (order: 8, 1048576 bytes)
[    1.005465] Inode-cache hash table entries: 65536 (order: 7, 524288 bytes)
[    1.013991] Mount-cache hash table entries: 2048 (order: 2, 16384 bytes)
[    1.021205] Mountpoint-cache hash table entries: 2048 (order: 2, 16384 bytes)
[    1.029314] Initializing cgroup subsys io
[    1.034669] Initializing cgroup subsys memory
[    1.039741] Initializing cgroup subsys devices
[    1.044909] Initializing cgroup subsys freezer
[    1.050561] Initializing cgroup subsys net_cls
[    1.055709] Initializing cgroup subsys perf_event
[    1.061366] Initializing cgroup subsys net_prio
[    1.066854] Initializing cgroup subsys hugetlb
[    1.073511] Initializing cgroup subsys pids
[    1.079948] CPU: Physical Processor ID: 0
[    1.085222] CPU: Processor Core ID: 0
[    1.090463] FEATURE SPEC_CTRL Not Present
[    1.097179] mce: CPU supports 0 MCE banks
[    1.103158] Last level iTLB entries: 4KB 1024, 2MB 1024, 4MB 1024
[    1.113895] Last level dTLB entries: 4KB 1024, 2MB 1024, 4MB 1024, 1GB 4
[    1.136000] Freeing SMP alternatives memory: 32K
[    1.194577] ftrace: allocating 32180 entries in 126 pages
[    1.423240] smpboot: APIC(0) Converting physical 0 to logical package 0
[    1.430451] smpboot: Max logical packages: 1
[    1.437049] x2apic enabled
[    1.442071] Switched APIC routing to physical x2apic.
[    1.453177] ..TIMER: vector=0x30 apic1=0 pin1=2 apic2=-1 pin2=-1
[    1.566945] smpboot: CPU0: Intel(R) Core(TM) i5-4300U CPU @ 1.90GHz (family: 0x6, model: 0x45, stepping: 0x1)
[    1.579726] Performance Events: unsupported p6 CPU model 69 no PMU driver, software events only.
[    1.590782] KVM setup paravirtual spinlock
[    1.597663] x86: Booting SMP configuration:
[    1.604167] .... node  #0, CPUs:      #1
[    1.610515] kvm-clock: cpu 1, msr 0:3ffe3041, secondary cpu clock
[    1.617810] mce: CPU supports 0 MCE banks
[    1.624016] x86: Booted up 1 node, 2 CPUs
[    1.630684] smpboot: Total of 2 processors activated (9976.90 BogoMIPS)
[    1.639631] devtmpfs: initialized
[    1.660480] evm: security.selinux
[    1.665032] evm: security.SMACK64
[    1.669205] evm: security.SMACK64EXEC
[    1.674319] evm: security.SMACK64TRANSMUTE
[    1.679212] evm: security.SMACK64MMAP
[    1.683907] evm: security.ima
[    1.688225] evm: security.capability
[    1.693333] clocksource: jiffies: mask: 0xffffffff max_cycles: 0xffffffff, max_idle_ns: 7645041785100000 ns
[    1.704558] futex hash table entries: 512 (order: 3, 32768 bytes)
[    1.711743] pinctrl core: initialized pinctrl subsystem
[    1.717935] RTC time:  8:36:55, date: 03/26/18
[    1.725623] NET: Registered protocol family 16
[    1.740894] cpuidle: using governor ladder
[    1.756581] cpuidle: using governor menu
[    1.762085] PCCT header not found.
[    1.766865] ACPI: bus type PCI registered
[    1.772249] acpiphp: ACPI Hot Plug PCI Controller Driver version: 0.5
[    1.779708] PCI: Using configuration type 1 for base access
[    1.803504] ACPI: Added _OSI(Module Device)
[    1.808814] ACPI: Added _OSI(Processor Device)
[    1.814202] ACPI: Added _OSI(3.0 _SCP Extensions)
[    1.819803] ACPI: Added _OSI(Processor Aggregator Device)
[    1.829374] ACPI: Executed 1 blocks of module-level executable AML code
[    1.845280] ACPI: Interpreter enabled
[    1.850059] ACPI: (supports S0 S5)
[    1.854329] ACPI: Using IOAPIC for interrupt routing
[    1.867923] PCI: Using host bridge windows from ACPI; if necessary, use "pci=nocrs" and report a bug
[    1.894140] ACPI: PCI Root Bridge [PCI0] (domain 0000 [bus 00-ff])
[    1.901015] acpi PNP0A03:00: _OSC: OS supports [ASPM ClockPM Segments MSI]
[    1.908752] acpi PNP0A03:00: _OSC: not requesting OS control; OS requires [ExtendedConfig ASPM ClockPM MSI]
[    1.919843] acpi PNP0A03:00: fail to add MMCONFIG information, can't access extended PCI configuration space under this bridge.
[    1.933725] PCI host bridge to bus 0000:00
[    1.938656] pci_bus 0000:00: root bus resource [io  0x0000-0x0cf7 window]
[    1.946019] pci_bus 0000:00: root bus resource [io  0x0d00-0xffff window]
[    1.953388] pci_bus 0000:00: root bus resource [mem 0x000a0000-0x000bffff window]
[    1.962313] pci_bus 0000:00: root bus resource [mem 0x40000000-0xfdffffff window]
[    1.971570] pci_bus 0000:00: root bus resource [bus 00-ff]
[    1.988663] pci 0000:00:01.1: legacy IDE quirk: reg 0x10: [io  0x01f0-0x01f7]
[    1.996688] pci 0000:00:01.1: legacy IDE quirk: reg 0x14: [io  0x03f6]
[    2.003687] pci 0000:00:01.1: legacy IDE quirk: reg 0x18: [io  0x0170-0x0177]
[    2.011415] pci 0000:00:01.1: legacy IDE quirk: reg 0x1c: [io  0x0376]
[    2.070754] pci 0000:00:07.0: quirk: [io  0x4000-0x403f] claimed by PIIX4 ACPI
[    2.125399] pci 0000:00:07.0: quirk: [io  0x4100-0x410f] claimed by PIIX4 SMB
[    2.154706] ACPI: PCI Interrupt Link [LNKA] (IRQs 5 9 10 *11)
[    2.165468] ACPI: PCI Interrupt Link [LNKB] (IRQs 5 9 *10 11)
[    2.175523] ACPI: PCI Interrupt Link [LNKC] (IRQs 5 *9 10 11)
[    2.185346] ACPI: PCI Interrupt Link [LNKD] (IRQs 5 9 10 *11)
[    2.194896] ACPI: Enabled 2 GPEs in block 00 to 07
[    2.202416] vgaarb: setting as boot device: PCI:0000:00:02.0
[    2.209949] vgaarb: device added: PCI:0000:00:02.0,decodes=io+mem,owns=io+mem,locks=none
[    2.221844] vgaarb: loaded
[    2.226842] vgaarb: bridge control possible 0000:00:02.0
[    2.235845] SCSI subsystem initialized
[    2.242550] ACPI: bus type USB registered
[    2.252352] usbcore: registered new interface driver usbfs
[    2.260121] usbcore: registered new interface driver hub
[    2.268523] usbcore: registered new device driver usb
[    2.282212] PCI: Using ACPI for IRQ routing
[    2.290462] NetLabel: Initializing
[    2.295787] NetLabel:  domain hash size = 128
[    2.301727] NetLabel:  protocols = UNLABELED CIPSOv4
[    2.308118] NetLabel:  unlabeled traffic allowed by default
[    2.315436] amd_nb: Cannot enumerate AMD northbridges
[    2.321640] clocksource: Switched to clocksource kvm-clock
[    2.362245] AppArmor: AppArmor Filesystem Enabled
[    2.368041] pnp: PnP ACPI init
[    2.375737] pnp: PnP ACPI: found 3 devices
[    2.400384] clocksource: aci_pm: mask: 0xffffff max_cycles: 0xffffff, max_idle_ns: 2085701024 ns
[    2.496541] NET: Registered protocol family 2

[    2.502185] TCP established hash table entries: 8192 (order: 4, 65536 bytes)
[    2.509862] TCP bind hash table entries: 8192 (order: 5, 131072 bytes)
[    2.516888] TCP: Hash tables configured (established 8192 bind 8192)
[    2.524134] UDP hash table entries: 512 (order: 2, 16384 bytes)
[    2.530871] UDP-Lite hash table entries: 512 (order: 2, 16384 bytes)
[    2.537672] NET: Registered protocol family 1
[    2.543118] pci 0000:00:00.0: Limiting direct PCI/PCI transfers
[    2.549880] pci 0000:00:01.0: Activating ISA DMA hang workarounds
[    2.557155] Unpacking initramfs...
[    9.841448] Freeing initrd memory: 10792K
[    9.847241] RAPL PMU detected, API unit is 2^-32 Joules, 4 fixed counters 10737418240 ms ovfl timer
[    9.857735] hw unit of domain pp0-core 2^-0 Joules
[    9.863270] hw unit of domain package 2^-0 Joules
[    9.868676] hw unit of domain dram 2^-0 Joules
[    9.873976] hw unit of domain pp1-gpu 2^-0 Joules
[    9.879695] platform rtc_cmos: registered platform RTC device (no PNP device found)
[    9.889310] Scanning for low memory corruption every 60 seconds
[    9.896991] audit: initializing netlink subsys (disabled)
[    9.903318] audit: type=2000 audit(1522053431.135:1): initialized
[    9.910824] Initialise system trusted keyring
[    9.916932] HugeTLB registered 2 MB page size, pre-allocated 0 pages
[    9.927937] zbud: loaded
[    9.932505] VFS: Disk quotas dquot_6.6.0
[    9.937399] VFS: Dquot-cache hash table entries: 512 (order 0, 4096 bytes)
[    9.945314] squashfs: version 4.0 (2009/01/31) Phillip Lougher
[    9.952884] fuse init (API version 7.23)
[    9.958194] Key type big_key registered
[    9.963065] Allocating IMA MOK and blacklist keyrings.
[    9.975063] Key type asymmetric registered
[    9.980050] Asymmetric key parser 'x509' registered
[    9.985678] Block layer SCSI generic (bsg) driver version 0.4 loaded (major 249)
[    9.995444] io scheduler noop registered
[   10.000537] io scheduler deadline registered (default)
[   10.006552] io scheduler cfq registered
[   10.011557] pci_hotplug: PCI Hot Plug PCI Core version: 0.5
[   10.018060] pciehp: PCI Express Hot Plug Controller Driver version: 0.4
[   10.025960] ACPI: AC Adapter [AC] (on-line)
[   10.031317] input: Power Button as /devices/LNXSYSTM:00/LNXPWRBN:00/input/input0
[   10.041556] ACPI: Power Button [PWRF]
[   10.046778] input: Sleep Button as /devices/LNXSYSTM:00/LNXSLPBN:00/input/input1
[   10.057800] ACPI: Sleep Button [SLPF]
[   10.065853] GHES: HEST is not enabled!
[   10.065989] ACPI: Battery Slot [BAT0] (battery present)
[   10.076974] Serial: 8250/16550 driver, 32 ports, IRQ sharing enabled
[   10.119690] 00:02: ttyS0 at I/O 0x3f8 (irq = 4, base_baud = 115200) is a 16550A
[   10.132215] Linux agpgart interface v0.103
[   10.143151] loop: module loaded
[   10.149909] scsi host0: ata_piix
[   10.154863] scsi host1: ata_piix
[   10.159414] ata1: PATA max UDMA/33 cmd 0x1f0 ctl 0x3f6 bmdma 0xd000 irq 14
[   10.166745] ata2: PATA max UDMA/33 cmd 0x170 ctl 0x376 bmdma 0xd008 irq 15
[   10.177654] libphy: Fixed MDIO Bus: probed
[   10.184011] tun: Universal TUN/TAP device driver, 1.6
[   10.189929] tun: (C) 1999-2004 Max Krasnyansky <maxk@qualcomm.com>
[   10.197064] PPP generic driver version 2.4.2
[   10.203942] ehci_hcd: USB 2.0 'Enhanced' Host Controller (EHCI) Driver
[   10.212192] ehci-pci: EHCI PCI platform driver
[   10.218667] ehci-platform: EHCI generic platform driver
[   10.225333] ohci_hcd: USB 1.1 'Open' Host Controller (OHCI) Driver
[   10.232992] ohci-pci: OHCI PCI platform driver
[   10.241406] ohci-platform: OHCI generic platform driver
[   10.248718] uhci_hcd: USB Universal Host Controller Interface driver
[   10.258402] i8042: PNP: PS/2 Controller [PNP0303:PS2K,PNP0f03:PS2M] at 0x60,0x64 irq 1,12
[   10.271441] serio: i8042 KBD port at 0x60,0x64 irq 1
[   10.277684] serio: i8042 AUX port at 0x60,0x64 irq 12
[   10.285170] mousedev: PS/2 mouse device common for all mice
[   10.295254] input: AT Translated Set 2 keyboard as /devices/platform/i8042/serio0/input/input2
[   10.297723] rtc_cmos rtc_cmos: rtc core: registered rtc_cmos as rtc0
[   10.298052] rtc_cmos rtc_cmos: alarms up to one day, 114 bytes nvram
[   10.298078] i2c /dev entries driver
[   10.298260] device-mapper: uevent: version 1.0.3
[   10.306764] device-mapper: ioctl: 4.34.0-ioctl (2015-10-28) initialised: dm-devel@redhat.com
[   10.306823] ledtrig-cpu: registered to indicate activity on CPUs
[   10.316298] NET: Registered protocol family 10
[   10.316693] NET: Registered protocol family 17
[   10.316717] Key type dns_resolver registered
[   10.317251] microcode: CPU0 sig=0x40651, pf=0x40, revision=0x0
[   10.324026] microcode: CPU1 sig=0x40651, pf=0x40, revision=0x0
[   10.324133] microcode: Microcode Update Driver: v2.01 <tigran@aivazian.fsnet.co.uk>, Peter Oruba
[   10.324462] registered taskstats version 1
[   10.324492] Loading compiled-in X.509 certificates
[   10.325966] Loaded X.509 cert 'Build time autogenerated kernel key: 4c603087bab8f0a02cb3b4e1fb4c40f507e71ef1'
[   10.326016] zswap: loaded using pool lzo/zbud
[   10.330504] Key type trusted registered
[   10.339630] Key type encrypted registered
[   10.339646] AppArmor: AppArmor sha1 policy hashing enabled
[   10.339655] ima: No TPM chip found, activating TPM-bypass!
[   10.339694] evm: HMAC attrs: 0x1
[   10.341485]   Magic number: 10:363:625
[   10.351623] rtc_cmos rtc_cmos: setting system clock to 2018-03-26 08:37:04 UTC (1522053424)
[   10.351861] BIOS EDD facility v0.16 2004-Jun-25, 0 devices found
[   10.351862] EDD information not available.
[   10.491579] Freeing unused kernel memory: 1508K
[   10.496993] Write protecting the kernel read-only data: 14336k
[   10.505195] Freeing unused kernel memory: 1728K
[   10.511712] Freeing unused kernel memory: 108K
Loading, please wait...
starting version 229
[   10.551155] random: systemd-udevd: uninitialized urandom read (16 bytes read, 3 bits of entropy available)
[   10.551259] random: udevadm: uninitialized urandom read (16 bytes read, 3 bits of entropy available)
[   10.551315] random: udevadm: uninitialized urandom read (16 bytes read, 3 bits of entropy available)
[   10.575584] random: udevadm: uninitialized urandom read (16 bytes read, 3 bits of entropy available)
[   10.575670] random: udevadm: uninitialized urandom read (16 bytes read, 3 bits of entropy available)
[   10.576052] random: udevadm: uninitialized urandom read (16 bytes read, 3 bits of entropy available)
[   10.576173] random: udevadm: uninitialized urandom read (16 bytes read, 3 bits of entropy available)
[   10.576290] random: udevadm: uninitialized urandom read (16 bytes read, 3 bits of entropy available)
[   10.576411] random: udevadm: uninitialized urandom read (16 bytes read, 3 bits of entropy available)
[   10.576525] random: udevadm: uninitialized urandom read (16 bytes read, 3 bits of entropy available)
[   10.770700] e1000: Intel(R) PRO/1000 Network Driver - version 7.3.21-k8-NAPI
[   10.792188] e1000: Copyright (c) 1999-2006 Intel Corporation.
[   10.812064] Fusion MPT base driver 3.04.20
[   10.817610] Copyright (c) 1999-2008 LSI Corporation
[   10.870422] AVX2 version of gcm_enc/dec engaged.
[   10.878549] AES CTR mode by8 optimization enabled
[   10.886678] Fusion MPT SPI Host driver 3.04.20
[   11.064268] input: ImExPS/2 Generic Explorer Mouse as /devices/platform/i8042/serio1/input/input4
[   11.645463] e1000 0000:00:03.0 eth0: (PCI:33MHz:32-bit) 02:1f:2a:60:99:e3
[   11.653392] e1000 0000:00:03.0 eth0: Intel(R) PRO/1000 Network Connection
[   11.663893] mptbase: ioc0: Initiating bringup
[   11.665456] e1000 0000:00:03.0 enp0s3: renamed from eth0
[   11.745245] ioc0: LSI53C1030 A0: Capabilities={Initiator}
[   11.942730] scsi host2: ioc0: LSI53C1030 A0, FwRev=00000000h, Ports=1, MaxQ=256, IRQ=20
[   12.086649] scsi 2:0:0:0: Direct-Access     VBOX     HARDDISK         1.0  PQ: 0 ANSI: 5
[   12.122358] scsi target2:0:0: Beginning Domain Validation
[   12.141031] scsi target2:0:0: Domain Validation skipping write tests
[   12.147838] scsi target2:0:0: Ending Domain Validation
[   12.154285] scsi target2:0:0: asynchronous
[   12.160535] scsi 2:0:1:0: Direct-Access     VBOX     HARDDISK         1.0  PQ: 0 ANSI: 5
[   12.215174] scsi target2:0:1: Beginning Domain Validation
[   12.224432] scsi target2:0:1: Domain Validation skipping write tests
[   12.231624] scsi target2:0:1: Ending Domain Validation
[   12.237867] scsi target2:0:1: asynchronous
[   12.261459] sd 2:0:0:0: [sda] 20971520 512-byte logical blocks: (10.7 GB/10.0 GiB)
[   12.271097] sd 2:0:0:0: Attached scsi generic sg0 type 0
[   12.278389] sd 2:0:0:0: [sda] Write Protect is off
[   12.285711] sd 2:0:1:0: [sdb] 20480 512-byte logical blocks: (10.5 MB/10.0 MiB)
[   12.294812] sd 2:0:0:0: [sda] Incomplete mode parameter data
[   12.295094] sd 2:0:1:0: Attached scsi generic sg1 type 0
[   12.295795] sd 2:0:1:0: [sdb] Write Protect is off
[   12.296102] sd 2:0:1:0: [sdb] Incomplete mode parameter data
[   12.296105] sd 2:0:1:0: [sdb] Assuming drive cache: write through
[   12.301902] sd 2:0:1:0: [sdb] Attached SCSI disk
[   12.336850] sd 2:0:0:0: [sda] Assuming drive cache: write through
[   12.346856]  sda: sda1
[   12.352253] sd 2:0:0:0: [sda] Attached SCSI disk
[   13.804339] floppy0: no floppy controllers found
Begin: Loading essential drivers ... [   16.422471] md: linear personality registered for level -1
[   16.434558] md: multipath personality registered for level -4
[   16.447243] md: raid0 personality registered for level 0
[   16.460207] md: raid1 personality registered for level 1
[   16.541816] raid6: sse2x1   gen()  1967 MB/s
[   16.613952] raid6: sse2x1   xor()  1437 MB/s
[   16.686290] raid6: sse2x2   gen()  3678 MB/s
[   16.757711] raid6: sse2x2   xor()  2138 MB/s
[   16.830001] raid6: sse2x4   gen()  5720 MB/s
[   16.902369] raid6: sse2x4   xor()  3402 MB/s
[   16.973772] raid6: avx2x1   gen()  4452 MB/s
[   17.046023] raid6: avx2x2   gen()  9060 MB/s
[   17.118383] raid6: avx2x4   gen() 10743 MB/s
[   17.124019] raid6: using algorithm avx2x4 gen() 10743 MB/s
[   17.130223] raid6: using avx2x2 recovery algorithm
[   17.143666] xor: automatically using best checksumming function:
[   17.189819]    avx       : 10232.000 MB/sec
[   17.198156] async_tx: api initialized (async)
[   17.223775] md: raid6 personality registered for level 6
[   17.231017] md: raid5 personality registered for level 5
[   17.237648] md: raid4 personality registered for level 4
[   17.266252] md: raid10 personality registered for level 10
done.
Begin: Running /scripts/init-premount ... done.
Begin: Mounting root file system ... Begin: Running /scripts/local-top ... done.
Begin: Running /scripts/local-premount ... [   17.372388] Btrfs loaded
Scanning for Btrfs filesystems
done.
Warning: fsck not present, so skipping root file system
[   17.445627] EXT4-fs (sda1): mounted filesystem with ordered data mode. Opts: (null)
done.
Begin: Running /scripts/local-bottom ... done.
Begin: Running /scripts/init-bottom ... done.
[   17.664689] systemd[1]: systemd 229 running in system mode. (+PAM +AUDIT +SELINUX +IMA +APPARMOR +SMACK +SYSVINIT +UTMP +LIBCRYPTSETUP +GCRYPT +GNUTLS +ACL +XZ -LZ4 +SECCOMP +BLKID +ELFUTILS +KMOD -IDN)
[   17.683912] systemd[1]: Detected virtualization oracle.
[   17.690279] systemd[1]: Detected architecture x86-64.

Welcome to [1mUbuntu 16.04.3 LTS[0m!

[   17.705193] systemd[1]: Set hostname to <ubuntu>.
[   17.714842] systemd[1]: Initializing machine ID from random generator.
[   17.722440] systemd[1]: Installed transient /etc/machine-id file.
[   18.012902] systemd[1]: Set up automount Arbitrary Executable File Formats File System Automount Point.
[[0;32m  OK  [0m] Set up automount Arbitrary Executab...ats File System Automount Point.
[   18.031331] systemd[1]: Reached target Encrypted Volumes.
[[0;32m  OK  [0m] Reached target Encrypted Volumes.
[   18.044346] systemd[1]: Created slice User and Session Slice.
[[0;32m  OK  [0m] Created slice User and Session Slice.
[   18.058175] systemd[1]: Created slice System Slice.
[[0;32m  OK  [0m] Created slice System Slice.
[   18.069521] systemd[1]: Started Trigger resolvconf update for networkd DNS.
[[0;32m  OK  [0m] Started Trigger resolvconf update for networkd DNS.
[   18.083916] systemd[1]: Listening on Device-mapper event daemon FIFOs.
[[0;32m  OK  [0m] Listening on Device-mapper event daemon FIFOs.
[   18.097721] systemd[1]: Started Forward Password Requests to Wall Directory Watch.
[[0;32m  OK  [0m] Started Forward Password Requests to Wall Directory Watch.
[   18.114521] systemd[1]: Listening on /dev/initctl Compatibility Named Pipe.
[[0;32m  OK  [0m] Listening on /dev/initctl Compatibility Named Pipe.
[   18.128600] systemd[1]: Reached target User and Group Name Lookups.
[[0;32m  OK  [0m] Reached target User and Group Name Lookups.
[   18.142368] systemd[1]: Listening on udev Kernel Socket.
[[0;32m  OK  [0m] Listening on udev Kernel Socket.
[   18.160801] systemd[1]: Created slice system-serial\x2dgetty.slice.
[[0;32m  OK  [0m] Created slice system-serial\x2dgetty.slice.
[   18.175423] systemd[1]: Listening on Journal Audit Socket.
[[0;32m  OK  [0m] Listening on Journal Audit Socket.
[   18.188096] systemd[1]: Listening on Journal Socket.
[[0;32m  OK  [0m] Listening on Journal Socket.
[   18.218504] systemd[1]: Starting Load Kernel Modules...
         Starting Load Kernel Modules...
[   18.238209] Loading iSCSI transport class v2.0-870.
[   18.239627] systemd[1]: Starting Create list of required static device nodes for the current kernel...
         Starting Create list of required st... nodes for the current kernel...
[   18.267236] systemd[1]: Mounting Debug File System...
         Mounting Debug File System...
[   18.288093] systemd[1]: Starting Remount Root and Kernel File Systems...
[   18.305040] EXT4-fs (sda1): re-mounted. Opts: (null)
[   18.312190] iscsi: registered transport (tcp)
         Starting Remount Root and Kernel File Systems...
[   18.334074] systemd[1]: Mounting POSIX Message Queue File System...
         Mounting POSIX Message Queue File System...
[   18.362365] systemd[1]: Starting Nameserver information manager...
         Starting Nameserver information manager...
[   18.385898] systemd[1]: Reached target Slices.
[[0;32m  OK  [0m] Reached target Slices.
[   18.413305] systemd[1]: Listening on LVM2 metadata daemon socket.
[[0;32m  OK  [0m] Listening on LVM2 metadata daemon socket.[   18.431962] iscsi: registered transport (iser)

[   18.455027] systemd[1]: Starting Uncomplicated firewall...
         Starting Uncomplicated firewall...
[   18.479816] systemd[1]: Starting Set console keymap...
         Starting Set console keymap...
[   18.507190] systemd[1]: Starting Monitoring of LVM2 mirrors, snapshots etc. using dmeventd or progress polling...
         Starting Monitoring of LVM2 mirrors... dmeventd or progress polling...
[   18.538730] systemd[1]: Listening on udev Control Socket.
[[0;32m  OK  [0m] Listening on udev Control Socket.
[   18.590632] systemd[1]: Mounting Huge Pages File System...
         Mounting Huge Pages File System...
[   18.604723] systemd[1]: Listening on Syslog Socket.
[[0;32m  OK  [0m] Listening on Syslog Socket.
[   18.619741] systemd[1]: Listening on Journal Socket (/dev/log).
[[0;32m  OK  [0m] Listening on Journal Socket (/dev/log).
[   18.637141] systemd[1]: Starting Journal Service...
         Starting Journal Service...
[   18.654339] systemd[1]: Reached target Swap.
[[0;32m  OK  [0m] Reached target Swap.
[   18.671213] systemd[1]: Listening on LVM2 poll daemon socket.
[[0;32m  OK  [0m] Listening on LVM2 poll daemon socket.
[   18.712441] systemd[1]: Mounted Huge Pages File System.
[[0;32m  OK  [0m] Mounted Huge Pages File System.[   18.725925] random: nonblocking pool is initialized

[   18.732134] systemd[1]: Mounted Debug File System.
[[0;32m  OK  [0m] Mounted Debug File System.
[   18.746089] systemd[1]: Mounted POSIX Message Queue File System.
[[0;32m  OK  [0m] Mounted POSIX Message Queue File System.
[   18.762051] systemd[1]: Started Journal Service.
[[0;32m  OK  [0m] Started Journal Service.
[[0;32m  OK  [0m] Started Load Kernel Modules.
[[0;32m  OK  [0m] Started Create list of required sta...ce nodes for the current kernel.
[[0;32m  OK  [0m] Started Remount Root and Kernel File Systems.
[[0;32m  OK  [0m] Started Uncomplicated firewall.
[[0;32m  OK  [0m] Started Set console keymap.
[[0;32m  OK  [0m] Started Nameserver information manager.
[[0;32m  OK  [0m] Started LVM2 metadata daemon.
         Starting Initial cloud-init job (pre-networking)...
         Starting udev Coldplug all Devices...
         Starting Load/Save Random Seed...
         Starting Create Static Device Nodes in /dev...
         Starting Apply Kernel Variables...
         Mounting FUSE Control File System...
         Starting Flush Journal to Persistent Storage...
[[0;32m  OK  [0m] Mounted FUSE Control File System.
[[0;32m  OK  [0m] Started Load/Save Random Seed.
[[0;32m  OK  [0m] Started Create Static Device Nodes in /dev.
[[0;32m  OK  [0m] Started Apply Kernel Variables.
[[0;32m  OK  [0m] Started udev Coldplug all Devices.
[[0;32m  OK  [0m] Started Flush Journal to Persistent Storage.
         Starting udev Kernel Device Manager...
[[0;32m  OK  [0m] Started udev Kernel Device Manager.
[[0;32m  OK  [0m] Started Dispatch Password Requests to Console Directory Watch.
[[0;32m  OK  [0m] Started Monitoring of LVM2 mirrors,...ng dmeventd or progress polling.
[[0;32m  OK  [0m] Reached target Local File Systems (Pre).
[[0;32m  OK  [0m] Reached target Local File Systems.
         Starting Commit a transient machine-id on disk...
         Starting LSB: AppArmor initialization...
         Starting Set console font and keymap...
         Starting Tell Plymouth To Write Out Runtime Data...
         Starting Create Volatile Files and Directories...
[[0;32m  OK  [0m] Started Commit a transient machine-id on disk.
[[0;32m  OK  [0m] Started Tell Plymouth To Write Out Runtime Data.
[[0;32m  OK  [0m] Started Create Volatile Files and Directories.
[[0;32m  OK  [0m] Reached target System Time Synchronized.
         Starting Update UTMP about System Boot/Shutdown...
[[0;32m  OK  [0m] Started Update UTMP about System Boot/Shutdown.
[[0;32m  OK  [0m] Found device /dev/ttyS0.
[[0;32m  OK  [0m] Listening on Load/Save RF Kill Switch Status /dev/rfkill Watch.
[   21.248791] cloud-init[439]: Cloud-init v. 17.1 running 'init-local' at Mon, 26 Mar 2018 08:37:15 +0000. Up 20.08 seconds.
[[0;32m  OK  [0m] Started Initial cloud-init job (pre-networking).
[[0;32m  OK  [0m] Reached target Network (Pre).
[[0;32m  OK  [0m] Started LSB: AppArmor initialization.
         Starting Raise network interfaces...
[[0;32m  OK  [0m] Started Set console font and keymap.
[[0;32m  OK  [0m] Created slice system-getty.slice.
[[0;32m  OK  [0m] Started Raise network interfaces.
[[0;32m  OK  [0m] Reached target Network.
         Starting Initial cloud-init job (metadata service crawler)...
[   28.253422] cloud-init[937]: Cloud-init v. 17.1 running 'init' at Mon, 26 Mar 2018 08:37:22 +0000. Up 26.75 seconds.
[   28.265296] cloud-init[937]: ci-info: +++++++++++++++++++++++++++++++++++++Net device info++++++++++++++++++++++++++++++++++++++
[   28.277931] cloud-init[937]: ci-info: +--------+------+----------------------------+---------------+-------+-------------------+
[   28.290455] cloud-init[937]: ci-info: | Device |  Up  |          Address           |      Mask     | Scope |     Hw-Address    |
[   28.303504] cloud-init[937]: ci-info: +--------+------+----------------------------+---------------+-------+-------------------+
[   28.317032] cloud-init[937]: ci-info: | enp0s3 | True |         10.0.2.15          | 255.255.255.0 |   .   | 02:1f:2a:60:99:e3 |
[   28.328073] cloud-init[937]: ci-info: | enp0s3 | True | fe80::1f:2aff:fe60:99e3/64 |       .       |  link | 02:1f:2a:60:99:e3 |
[   28.340945] cloud-init[937]: ci-info: |   lo   | True |         127.0.0.1          |   255.0.0.0   |   .   |         .         |
[   28.359219] cloud-init[937]: ci-info: |   lo   | True |          ::1/128           |       .       |  host |         .         |
[   28.370762] cloud-init[937]: ci-info: +--------+------+----------------------------+---------------+-------+-------------------+
[   28.385650] cloud-init[937]: ci-info: +++++++++++++++++++++++++++Route IPv4 info++++++++++++++++++++++++++++
[   28.395957] cloud-init[937]: ci-info: +-------+-------------+----------+---------------+-----------+-------+
[   28.406040] cloud-init[937]: ci-info: | Route | Destination | Gateway  |    Genmask    | Interface | Flags |
[   28.416301] cloud-init[937]: ci-info: +-------+-------------+----------+---------------+-----------+-------+
[   28.426567] cloud-init[937]: ci-info: |   0   |   0.0.0.0   | 10.0.2.2 |    0.0.0.0    |   enp0s3  |   UG  |
[   28.436585] cloud-init[937]: ci-info: |   1   |   10.0.2.0  | 0.0.0.0  | 255.255.255.0 |   enp0s3  |   U   |
[   28.446857] cloud-init[937]: ci-info: +-------+-------------+----------+---------------+-----------+-------+
[   28.457548] cloud-init[937]: Generating public/private rsa key pair.
[   28.465476] cloud-init[937]: Your identification has been saved in /etc/ssh/ssh_host_rsa_key.
[   28.474843] cloud-init[937]: Your public key has been saved in /etc/ssh/ssh_host_rsa_key.pub.
[   28.484001] cloud-init[937]: The key fingerprint is:
[   28.492616] cloud-init[937]: SHA256:Ms7zmFSMa9TMS+CgsFeflHQqw25juIF87Y0fFuWHQgY root@ubuntu-xenial
[   28.502726] cloud-init[937]: The key's randomart image is:
[   28.510704] cloud-init[937]: +---[RSA 2048]----+
[   28.518248] cloud-init[937]: |     E. .        |
[   28.526290] cloud-init[937]: |   . ..+         |
[   28.533905] cloud-init[937]: |.   * =o .       |
[   28.545224] cloud-init[937]: |.+ =.BoOo .      |
[   28.552479] cloud-init[937]: |o.=.=.OoSo .     |
[[   28.560106] cloud-init[937]: | ..=.=o*o..      |
[   28.563204] cloud-init[937]: |  .  oB+.        |
[   28.568061] cloud-init[937]: |     oo=.        |
[   28.570317] cloud-init[937]: |      o..        |
[   28.571385] cloud-init[937]: +----[SHA256]-----+
[   28.573765] cloud-init[937]: Generating public/private dsa key pair.
[   28.574813] cloud-init[937]: Your identification has been saved in /etc/ssh/ssh_host_dsa_key.
[   28.578195] cloud-init[937]: Your public key has been saved in /etc/ssh/ssh_host_dsa_key.pub.
[   28.579687] cloud-init[937]: The key fingerprint is:
[   28.582578] cloud-init[937]: SHA256:kGV2L5bAJa+w0xuCTCw8LoQMYjnkVlKcaq5yIEoubgo root@ubuntu-xenial
[   28.586325] cloud-init[937]: The key's randomart image is:
[   28.587462] cloud-init[937]: +---[DSA 1024]----+
[   28.588819] cloud-init[937]: |+++o.  .*.o      |
[   28.591246] cloud-init[937]: |B+o+   =.= o     |
[   28.593731] cloud-init[937]: |.=* o +   = .    |
[   28.595885] cloud-init[937]: |o+ = . = o .     |
[   28.599511] cloud-init[937]: |+ . o + S        |
[   28.601746] cloud-init[937]: |o+     o o       |
[   28.602904] cloud-init[937]: |E.      .        |
[   28.604115] cloud-init[937]: |*o.              |
[   28.606223] cloud-init[937]: |Bo               |
[   28.607324] cloud-init[937]: +----[SHA256]-----+
[   28.608471] cloud-init[937]: Generating public/private ecdsa key pair.
[   28.609571] cloud-init[937]: Your identification has been saved in /etc/ssh/ssh_host_ecdsa_key.
[   28.614282] cloud-init[937]: Your public key has been saved in /etc/ssh/ssh_host_ecdsa_key.pub.
[   28.618178] cloud-init[937]: The key fingerprint is:
[   28.621966] cloud-init[937]: SHA256:jP0K6mqp3o9E/yxPG8OleLWY2a1EctTA4whmbb9YgwU root@ubuntu-xenial
[   28.623027] cloud-init[937]: The key's randomart image is:
[   28.624284] cloud-init[937]: +---[ECDSA 256]---+
[   28.625364] cloud-init[937]: |      .Eo.       |
[   28.627730] cloud-init[937]: |     + o +o      |
[   28.630152] cloud-init[937]: |    o o *...     |
[   28.631387] cloud-init[937]: |       *.=       |
[   28.632624] cloud-init[937]: |   .  ..S=o      |
[   28.635164] cloud-init[937]: |  . . o.%oo      |
[   28.636351] cloud-init[937]: |   o o.@ +..     |
[   28.637378] cloud-init[937]: |  = .o=.=..      |
[   28.640142] cloud-init[937]: |o+.=+.o=..       |
[   28.641272] cloud-init[937]: +----[SHA256]-----+
[   28.642525] cloud-init[937]: Generating public/private ed25519 key pair.
[   28.643696] cloud-init[937]: Your identification has been saved in /etc/ssh/ssh_host_ed25519_key.
[   28.646321] cloud-init[937]: Your public key has been saved in /etc/ssh/ssh_host_ed25519_key.pub.
[   28.647512] cloud-init[937]: The key fingerprint is:
[   28.650179] cloud-init[937]: SHA256:Q9rzMe3YW4oXECcrdWLZ8ED4kraFoClhpulwhN0988E root@ubuntu-xenial
[   28.654310] cloud-init[937]: The key's randomart image is:
[   28.657847] cloud-init[937]: +--[ED25519 256]--+
[   28.660120] cloud-init[937]: | o . . . o++     |
[   28.661215] cloud-init[937]: |. * . = E Bo+    |
[   28.662299] cloud-init[937]: | * . o =.B B.    |
[   28.666229] cloud-init[937]: |+ o o  +B =.     |
[   28.667458] cloud-init[937]: |o. .  ..S=o..    |
[   28.669477] cloud-init[937]: | .      .+ *.    |
[   28.670473] cloud-init[937]: |          o o..  |
[   28.671450] cloud-init[937]: |           ..+   |
[   28.674588] cloud-init[937]: |          ..o    |
[   28.677555] cloud-init[937]: +----[SHA256]-----+
[0;32m  OK  [0m] Started Initial cloud-init job (metadata service crawler).
[[0;32m  OK  [0m] Reached target Cloud-config availability.
[[0;32m  OK  [0m] Reached target System Initialization.
[[0;32m  OK  [0m] Listening on ACPID Listen Socket.
[[0;32m  OK  [0m] Started Timer to automatically refresh installed snaps.
         Starting Socket activation for snappy daemon.
[[0;32m  OK  [0m] Started ACPI Events Check.
[[0;32m  OK  [0m] Reached target Paths.
         Starting LXD - unix socket.
[[0;32m  OK  [0m] Listening on UUID daemon activation socket.
[[0;32m  OK  [0m] Started Daily Cleanup of Temporary Directories.
[[0;32m  OK  [0m] Listening on D-Bus System Message Bus Socket.
[[0;32m  OK  [0m] Reached target Network is Online.
[[0;32m  OK  [0m] Started Daily apt download activities.
[[0;32m  OK  [0m] Started Daily apt upgrade and clean activities.
[[0;32m  OK  [0m] Reached target Timers.
         Starting iSCSI initiator daemon (iscsid)...
[[0;32m  OK  [0m] Listening on Socket activation for snappy daemon.
[[0;32m  OK  [0m] Listening on LXD - unix socket.
[[0;32m  OK  [0m] Started iSCSI initiator daemon (iscsid).
         Starting Login to default iSCSI targets...
[[0;32m  OK  [0m] Reached target Sockets.
[[0;32m  OK  [0m] Reached target Basic System.
[[0;32m  OK  [0m] Started D-Bus System Message Bus.
         Starting LSB: Record successful boot for GRUB...
[[0;32m  OK  [0m] Started ACPI event daemon.
         Starting Apply the settings specified in cloud-config...
[[0;32m  OK  [0m] Started FUSE filesystem for LXC.
[[0;32m  OK  [0m] Started Regular background program processing daemon.
         Starting Login Service...
         Starting /etc/rc.local Compatibility...
         Starting Snappy daemon...
         Starting Accounts Service...
         Starting LSB: MD monitoring daemon...
[[0;32m  OK  [0m] Started Unattended Upgrades Shutdown.
[[0;32m  OK  [0m] Started Deferred execution scheduler.
         Starting Pollinate to seed the pseudo random number generator...
         Starting System Logging Service...
         Starting LXD - container startup/shutdown...
[[0;32m  OK  [0m] Started /etc/rc.local Compatibility.
[[0;32m  OK  [0m] Started System Logging Service.
[[0;32m  OK  [0m] Started Login to default iSCSI targets.
[[0;32m  OK  [0m] Started LSB: Record successful boot for GRUB.
[[0;32m  OK  [0m] Started Snappy daemon.
[[0;32m  OK  [0m] Started LXD - container startup/shutdown.
[[0;32m  OK  [0m] Started LSB: MD monitoring daemon.
[[0;32m  OK  [0m] Started Login Service.
         Starting Authenticate and Authorize Users to Run Privileged Tasks...
[[0;32m  OK  [0m] Reached target Remote File Systems (Pre).
[[0;32m  OK  [0m] Reached target Remote File Systems.
         Starting LSB: VirtualBox Linux Additions...
         Starting LSB: Set the CPU Frequency Scaling governor to "ondemand"...
         Starting LSB: automatic crash report generation...
         Starting LSB: daemon to balance interrupts for SMP systems...
         Starting Permit User Sessions...
[[0;32m  OK  [0m] Started Permit User Sessions.
[[0;32m  OK  [0m] Started Authenticate and Authorize Users to Run Privileged Tasks.
[[0;32m  OK  [0m] Started Accounts Service.
         Starting Terminate Plymouth Boot Screen...
         Starting Hold until boot process finishes up...
[[0;32m  OK  [0m] Started LSB: Set the CPU Frequency Scaling governor to "ondemand".
[[0;32m  OK  [0m] Started Terminate Plymouth Boot Screen.
[[0;32m  OK  [0m] Started Hold until boot process finishes up.
[[0;32m  OK  [0m] Started LSB: automatic crash report generation.
[[0;32m  OK  [0m] Started Getty on tty1.
         Starting Set console scheme...
[[0;32m  OK  [0m] Started Serial Getty on ttyS0.
[[0;32m  OK  [0m] Reached target Login Prompts.
[[0;32m  OK  [0m] Started LSB: daemon to balance interrupts for SMP systems.
[[0;32m  OK  [0m] Started Set console scheme.
[[0;32m  OK  [0m] Started LSB: VirtualBox Linux Additions.
[[0;32m  OK  [0m] Started Pollinate to seed the pseudo random number generator.
         Starting OpenBSD Secure Shell server...
[[0;32m  OK  [0m] Started OpenBSD Secure Shell server.
[[0;32m  OK  [0m] Reached target Multi-User System.
[[0;32m  OK  [0m] Reached target Graphical Interface.
         Starting Update UTMP about System Runlevel Changes...
[[0;32m  OK  [0m] Started Update UTMP about System Runlevel Changes.
[   31.462833] cloud-init[1049]: Generating locales (this might take a while)...
[[0;32m  OK  [0m] Created slice User Slice of vagrant.
         Starting User Manager for UID 1000...
[[0;32m  OK  [0m] Started Session 1 of user vagrant.
[[0;32m  OK  [0m] Started User Manager for UID 1000.
[   35.284987] cloud-init[1049]:   en_US.UTF-8... done
[   35.362000] cloud-init[1049]: Generation complete.

Ubuntu 16.04.3 LTS ubuntu-xenial ttyS0

ubuntu-xenial login: [   36.375367] cloud-init[1049]: Cloud-init v. 17.1 running 'modules:config' at Mon, 26 Mar 2018 08:37:26 +0000. Up 31.03 seconds.
ci-info: no authorized ssh keys fingerprints found for user ubuntu.
<14>Mar 26 08:37:33 ec2: 
<14>Mar 26 08:37:33 ec2: #############################################################
<14>Mar 26 08:37:33 ec2: -----BEGIN SSH HOST KEY FINGERPRINTS-----
<14>Mar 26 08:37:33 ec2: 1024 SHA256:kGV2L5bAJa+w0xuCTCw8LoQMYjnkVlKcaq5yIEoubgo root@ubuntu-xenial (DSA)
<14>Mar 26 08:37:33 ec2: 256 SHA256:jP0K6mqp3o9E/yxPG8OleLWY2a1EctTA4whmbb9YgwU root@ubuntu-xenial (ECDSA)
<14>Mar 26 08:37:33 ec2: 256 SHA256:Q9rzMe3YW4oXECcrdWLZ8ED4kraFoClhpulwhN0988E root@ubuntu-xenial (ED25519)
<14>Mar 26 08:37:33 ec2: 2048 SHA256:Ms7zmFSMa9TMS+CgsFeflHQqw25juIF87Y0fFuWHQgY root@ubuntu-xenial (RSA)
<14>Mar 26 08:37:33 ec2: -----END SSH HOST KEY FINGERPRINTS-----
<14>Mar 26 08:37:33 ec2: #############################################################
-----BEGIN SSH HOST KEY KEYS-----
ecdsa-sha2-nistp256 AAAAE2VjZHNhLXNoYTItbmlzdHAyNTYAAAAIbmlzdHAyNTYAAABBBMr0VjBhtLihTQO0ey4cVj61RhgIs1X7hM++boGD79Zdm8Aj8kLDJ8k0J389pp1jhU1c3mofCWlJbuZzzs54XL0= root@ubuntu-xenial
ssh-ed25519 AAAAC3NzaC1lZDI1NTE5AAAAIMwZfPcZPz57kv5zS29EEp/7abD7ylzQA3O/fEvmVad+ root@ubuntu-xenial
ssh-rsa AAAAB3NzaC1yc2EAAAADAQABAAABAQCf3lUakVE4bn9qKPN7D8DlfEi/loXB3cbruHAU+SfQepn0fllLA6GFWShAkwY/bRuyUfT8IhFjcj5WJUhTBA4tMdduoO6BMQKkRZ7hdoiKAomDH5M4x1jUQVKuBL8y4b0Lg65pIjNDZGt11zfvYsa1NETE2O6HT/vhdKnyWc4BrZqV6NkbK96gKh8yhqrcL0MrVxTjsyCAdW9/Pj1AHNxaX1Xpw7AJ/yORYqQaKpO4omg9JsAkY1MQ2/KJRS5X+VSsU739IzSfBS5G6c9Rht+Ppy89TtkNAE4q0WaXK+KHNfQlM1a53ZakM28QNeH0DWdpYSBQd+bYzHUddRaxUzHt root@ubuntu-xenial
-----END SSH HOST KEY KEYS-----
[   37.882629] cloud-init[1480]: Cloud-init v. 17.1 running 'modules:final' at Mon, 26 Mar 2018 08:37:33 +0000. Up 37.42 seconds.
[   37.882997] cloud-init[1480]: ci-info: no authorized ssh keys fingerprints found for user ubuntu.
[   37.883299] cloud-init[1480]: Cloud-init v. 17.1 finished at Mon, 26 Mar 2018 08:37:33 +0000. Datasource DataSourceNoCloud [seed=/dev/sdb][dsmode=net].  Up 37.86 seconds
