[    0.000000] Initializing cgroup subsys cpuset
[    0.000000] Initializing cgroup subsys cpu
[    0.000000] Initializing cgroup subsys cpuacct
[    0.000000] Linux version 4.4.0-112-generic (buildd@lgw01-amd64-010) (gcc version 5.4.0 20160609 (Ubuntu 5.4.0-6ubuntu1~16.04.5) ) #135-Ubuntu SMP Fri Jan 19 11:48:36 UTC 2018 (Ubuntu 4.4.0-112.135-generic 4.4.98)
[    0.000000] Command line: BOOT_IMAGE=/boot/vmlinuz-4.4.0-112-generic root=LABEL=cloudimg-rootfs ro console=tty1 console=ttyS0
[    0.000000] KERNEL supported cpus:
[    0.000000]   Intel GenuineIntel
[    0.000000]   AMD AuthenticAMD
[    0.000000]   Centaur CentaurHauls
[    0.000000] x86/fpu: xstate_offset[2]:  576, xstate_sizes[2]:  256
[    0.000000] x86/fpu: Supporting XSAVE feature 0x01: 'x87 floating point registers'
[    0.000000] x86/fpu: Supporting XSAVE feature 0x02: 'SSE registers'
[    0.000000] x86/fpu: Supporting XSAVE feature 0x04: 'AVX registers'
[    0.000000] x86/fpu: Enabled xstate features 0x7, context size is 832 bytes, using 'standard' format.
[    0.000000] x86/fpu: Using 'lazy' FPU context switches.
[    0.000000] e820: BIOS-provided physical RAM map:
[    0.000000] BIOS-e820: [mem 0x0000000000000000-0x000000000009fbff] usable
[    0.000000] BIOS-e820: [mem 0x000000000009fc00-0x000000000009ffff] reserved
[    0.000000] BIOS-e820: [mem 0x00000000000f0000-0x00000000000fffff] reserved
[    0.000000] BIOS-e820: [mem 0x0000000000100000-0x000000007ffeffff] usable
[    0.000000] BIOS-e820: [mem 0x000000007fff0000-0x000000007fffffff] ACPI data
[    0.000000] BIOS-e820: [mem 0x00000000fec00000-0x00000000fec00fff] reserved
[    0.000000] BIOS-e820: [mem 0x00000000fee00000-0x00000000fee00fff] reserved
[    0.000000] BIOS-e820: [mem 0x00000000fffc0000-0x00000000ffffffff] reserved
[    0.000000] NX (Execute Disable) protection: active
[    0.000000] SMBIOS 2.5 present.
[    0.000000] Hypervisor detected: KVM
[    0.000000] e820: last_pfn = 0x7fff0 max_arch_pfn = 0x400000000
[    0.000000] MTRR: Disabled
[    0.000000] x86/PAT: MTRRs disabled, skipping PAT initialization too.
[    0.000000] CPU MTRRs all blank - virtualized system.
[    0.000000] x86/PAT: Configuration [0-7]: WB  WT  UC- UC  WB  WT  UC- UC  
[    0.000000] found SMP MP-table at [mem 0x0009fff0-0x0009ffff] mapped at [ffff88000009fff0]
[    0.000000] Scanning 1 areas for low memory corruption
[    0.000000] RAMDISK: [mem 0x36adc000-0x37565fff]
[    0.000000] ACPI: Early table checksum verification disabled
[    0.000000] ACPI: RSDP 0x00000000000E0000 000024 (v02 VBOX  )
[    0.000000] ACPI: XSDT 0x000000007FFF0030 00003C (v01 VBOX   VBOXXSDT 00000001 ASL  00000061)
[    0.000000] ACPI: FACP 0x000000007FFF00F0 0000F4 (v04 VBOX   VBOXFACP 00000001 ASL  00000061)
[    0.000000] ACPI: DSDT 0x000000007FFF0470 0021FF (v02 VBOX   VBOXBIOS 00000002 INTL 20100528)
[    0.000000] ACPI: FACS 0x000000007FFF0200 000040
[    0.000000] ACPI: FACS 0x000000007FFF0200 000040
[    0.000000] ACPI: APIC 0x000000007FFF0240 00005C (v02 VBOX   VBOXAPIC 00000001 ASL  00000061)
[    0.000000] ACPI: SSDT 0x000000007FFF02A0 0001CC (v01 VBOX   VBOXCPUT 00000002 INTL 20100528)
[    0.000000] No NUMA configuration found
[    0.000000] Faking a node at [mem 0x0000000000000000-0x000000007ffeffff]
[    0.000000] NODE_DATA(0) allocated [mem 0x7ffeb000-0x7ffeffff]
[    0.000000] kvm-clock: Using msrs 4b564d01 and 4b564d00
[    0.000000] kvm-clock: cpu 0, msr 0:7ffe3001, primary cpu clock
[    0.000000] kvm-clock: using sched offset of 6935475106 cycles
[    0.000000] clocksource: kvm-clock: mask: 0xffffffffffffffff max_cycles: 0x1cd42e4dffb, max_idle_ns: 881590591483 ns
[    0.000000] Zone ranges:
[    0.000000]   DMA      [mem 0x0000000000001000-0x0000000000ffffff]
[    0.000000]   DMA32    [mem 0x0000000001000000-0x000000007ffeffff]
[    0.000000]   Normal   empty
[    0.000000]   Device   empty
[    0.000000] Movable zone start for each node
[    0.000000] Early memory node ranges
[    0.000000]   node   0: [mem 0x0000000000001000-0x000000000009efff]
[    0.000000]   node   0: [mem 0x0000000000100000-0x000000007ffeffff]
[    0.000000] Initmem setup node 0 [mem 0x0000000000001000-0x000000007ffeffff]
[    0.000000] ACPI: PM-Timer IO Port: 0x4008
[    0.000000] IOAPIC[0]: apic_id 2, version 32, address 0xfec00000, GSI 0-23
[    0.000000] ACPI: INT_SRC_OVR (bus 0 bus_irq 0 global_irq 2 dfl dfl)
[    0.000000] ACPI: INT_SRC_OVR (bus 0 bus_irq 9 global_irq 9 low level)
[    0.000000] Using ACPI (MADT) for SMP configuration information
[    0.000000] smpboot: Allowing 2 CPUs, 0 hotplug CPUs
[    0.000000] PM: Registered nosave memory: [mem 0x00000000-0x00000fff]
[    0.000000] PM: Registered nosave memory: [mem 0x0009f000-0x0009ffff]
[    0.000000] PM: Registered nosave memory: [mem 0x000a0000-0x000effff]
[    0.000000] PM: Registered nosave memory: [mem 0x000f0000-0x000fffff]
[    0.000000] e820: [mem 0x80000000-0xfebfffff] available for PCI devices
[    0.000000] Booting paravirtualized kernel on KVM
[    0.000000] clocksource: refined-jiffies: mask: 0xffffffff max_cycles: 0xffffffff, max_idle_ns: 7645519600211568 ns
[    0.000000] setup_percpu: NR_CPUS:512 nr_cpumask_bits:512 nr_cpu_ids:2 nr_node_ids:1
[    0.000000] PERCPU: Embedded 34 pages/cpu @ffff88007fc00000 s99544 r8192 d31528 u1048576
[    0.000000] PV qspinlock hash table entries: 256 (order: 0, 4096 bytes)
[    0.000000] Built 1 zonelists in Node order, mobility grouping on.  Total pages: 515961
[    0.000000] Policy zone: DMA32
[    0.000000] Kernel command line: BOOT_IMAGE=/boot/vmlinuz-4.4.0-112-generic root=LABEL=cloudimg-rootfs ro console=tty1 console=ttyS0
[    0.000000] PID hash table entries: 4096 (order: 3, 32768 bytes)
[    0.000000] Memory: 2033932K/2096696K available (8499K kernel code, 1309K rwdata, 3988K rodata, 1508K init, 1316K bss, 62764K reserved, 0K cma-reserved)
[    0.000000] SLUB: HWalign=64, Order=0-3, MinObjects=0, CPUs=2, Nodes=1
[    0.000000] Kernel/User page tables isolation: enabled
[    0.000000] Hierarchical RCU implementation.
[    0.000000] 	Build-time adjustment of leaf fanout to 64.
[    0.000000] 	RCU restricting CPUs from NR_CPUS=512 to nr_cpu_ids=2.
[    0.000000] RCU: Adjusting geometry for rcu_fanout_leaf=64, nr_cpu_ids=2
[    0.000000] NR_IRQS:33024 nr_irqs:440 16
[    0.000000] Console: colour VGA+ 80x25
[    0.000000] console [tty1] enabled
[    0.000000] console [ttyS0] enabled
[    0.000000] tsc: Detected 2494.226 MHz processor
[    1.001821] Calibrating delay loop (skipped) preset value.. 4988.45 BogoMIPS (lpj=9976904)
[    1.011981] pid_max: default: 32768 minimum: 301
[    1.017509] ACPI: Core revision 20150930
[    1.027212] ACPI: 2 ACPI AML tables successfully acquired and loaded
[    1.035233] Security Framework initialized
[    1.040042] Yama: becoming mindful.
[    1.044519] AppArmor: AppArmor initialized
[    1.054620] Dentry cache hash table entries: 262144 (order: 9, 2097152 bytes)
[    1.064399] Inode-cache hash table entries: 131072 (order: 8, 1048576 bytes)
[    1.077999] Mount-cache hash table entries: 4096 (order: 3, 32768 bytes)
[    1.085466] Mountpoint-cache hash table entries: 4096 (order: 3, 32768 bytes)
[    1.093614] Initializing cgroup subsys io
[    1.098599] Initializing cgroup subsys memory
[    1.103716] Initializing cgroup subsys devices
[    1.108880] Initializing cgroup subsys freezer
[    1.114097] Initializing cgroup subsys net_cls
[    1.119377] Initializing cgroup subsys perf_event
[    1.124854] Initializing cgroup subsys net_prio
[    1.130264] Initializing cgroup subsys hugetlb
[    1.135486] Initializing cgroup subsys pids
[    1.141176] CPU: Physical Processor ID: 0
[    1.145946] CPU: Processor Core ID: 0
[    1.150611] FEATURE SPEC_CTRL Not Present
[    1.156723] mce: CPU supports 0 MCE banks
[    1.161732] Last level iTLB entries: 4KB 1024, 2MB 1024, 4MB 1024
[    1.168548] Last level dTLB entries: 4KB 1024, 2MB 1024, 4MB 1024, 1GB 4
[    1.187531] Freeing SMP alternatives memory: 32K
[    1.235996] ftrace: allocating 32180 entries in 126 pages
[    1.475052] smpboot: APIC(0) Converting physical 0 to logical package 0
[    1.483745] smpboot: Max logical packages: 1
[    1.490192] x2apic enabled
[    1.495227] Switched APIC routing to physical x2apic.
[    1.506375] ..TIMER: vector=0x30 apic1=0 pin1=2 apic2=-1 pin2=-1
[    1.620772] smpboot: CPU0: Intel(R) Core(TM) i5-4300U CPU @ 1.90GHz (family: 0x6, model: 0x45, stepping: 0x1)
[    1.633008] Performance Events: unsupported p6 CPU model 69 no PMU driver, software events only.
[    1.644101] KVM setup paravirtual spinlock
[    1.654620] x86: Booting SMP configuration:
[    1.659912] .... node  #0, CPUs:      #1
[    1.665046] kvm-clock: cpu 1, msr 0:7ffe3041, secondary cpu clock
[    1.686612] mce: CPU supports 0 MCE banks
[    1.694403] x86: Booted up 1 node, 2 CPUs
[    1.700498] smpboot: Total of 2 processors activated (9976.90 BogoMIPS)
[    1.709354] devtmpfs: initialized
[    1.729732] evm: security.selinux
[    1.734198] evm: security.SMACK64
[    1.738406] evm: security.SMACK64EXEC
[    1.743038] evm: security.SMACK64TRANSMUTE
[    1.747961] evm: security.SMACK64MMAP
[    1.752549] evm: security.ima
[    1.756516] evm: security.capability
[    1.761508] clocksource: jiffies: mask: 0xffffffff max_cycles: 0xffffffff, max_idle_ns: 7645041785100000 ns
[    1.772258] futex hash table entries: 512 (order: 3, 32768 bytes)
[    1.779333] pinctrl core: initialized pinctrl subsystem
[    1.785614] RTC time:  6:42:44, date: 03/26/18
[    1.791384] NET: Registered protocol family 16
[    1.806359] cpuidle: using governor ladder
[    1.821545] cpuidle: using governor menu
[    1.826928] PCCT header not found.
[    1.831480] ACPI: bus type PCI registered
[    1.836342] acpiphp: ACPI Hot Plug PCI Controller Driver version: 0.5
[    1.843604] PCI: Using configuration type 1 for base access
[    1.863811] ACPI: Added _OSI(Module Device)
[    1.871650] ACPI: Added _OSI(Processor Device)
[    1.876959] ACPI: Added _OSI(3.0 _SCP Extensions)
[    1.882342] ACPI: Added _OSI(Processor Aggregator Device)
[    1.891647] ACPI: Executed 1 blocks of module-level executable AML code
[    1.908551] ACPI: Interpreter enabled
[    1.913234] ACPI: (supports S0 S5)
[    1.917836] ACPI: Using IOAPIC for interrupt routing
[    1.924282] PCI: Using host bridge windows from ACPI; if necessary, use "pci=nocrs" and report a bug
[    1.949005] ACPI: PCI Root Bridge [PCI0] (domain 0000 [bus 00-ff])
[    1.955914] acpi PNP0A03:00: _OSC: OS supports [ASPM ClockPM Segments MSI]
[    1.970832] acpi PNP0A03:00: _OSC: not requesting OS control; OS requires [ExtendedConfig ASPM ClockPM MSI]
[    1.982372] acpi PNP0A03:00: fail to add MMCONFIG information, can't access extended PCI configuration space under this bridge.
[    1.996217] PCI host bridge to bus 0000:00
[    2.001423] pci_bus 0000:00: root bus resource [io  0x0000-0x0cf7 window]
[    2.008567] pci_bus 0000:00: root bus resource [io  0x0d00-0xffff window]
[    2.016145] pci_bus 0000:00: root bus resource [mem 0x000a0000-0x000bffff window]
[    2.024983] pci_bus 0000:00: root bus resource [mem 0x80000000-0xfdffffff window]
[    2.033976] pci_bus 0000:00: root bus resource [bus 00-ff]
[    2.050977] pci 0000:00:01.1: legacy IDE quirk: reg 0x10: [io  0x01f0-0x01f7]
[    2.058776] pci 0000:00:01.1: legacy IDE quirk: reg 0x14: [io  0x03f6]
[    2.066190] pci 0000:00:01.1: legacy IDE quirk: reg 0x18: [io  0x0170-0x0177]
[    2.074004] pci 0000:00:01.1: legacy IDE quirk: reg 0x1c: [io  0x0376]
[    2.140415] pci 0000:00:07.0: quirk: [io  0x4000-0x403f] claimed by PIIX4 ACPI
[    2.195291] pci 0000:00:07.0: quirk: [io  0x4100-0x410f] claimed by PIIX4 SMB
[    2.243498] ACPI: PCI Interrupt Link [LNKA] (IRQs 5 9 10 *11)
[    2.253449] ACPI: PCI Interrupt Link [LNKB] (IRQs 5 9 *10 11)
[    2.262796] ACPI: PCI Interrupt Link [LNKC] (IRQs 5 *9 10 11)
[    2.272256] ACPI: PCI Interrupt Link [LNKD] (IRQs 5 9 10 *11)
[    2.281595] ACPI: Enabled 2 GPEs in block 00 to 07
[    2.289023] vgaarb: setting as boot device: PCI:0000:00:02.0
[    2.295503] vgaarb: device added: PCI:0000:00:02.0,decodes=io+mem,owns=io+mem,locks=none
[    2.306536] vgaarb: loaded
[    2.310434] vgaarb: bridge control possible 0000:00:02.0
[    2.317908] SCSI subsystem initialized
[    2.322795] ACPI: bus type USB registered
[    2.327626] usbcore: registered new interface driver usbfs
[    2.333730] usbcore: registered new interface driver hub
[    2.339747] usbcore: registered new device driver usb
[    2.346210] PCI: Using ACPI for IRQ routing
[    2.352734] NetLabel: Initializing
[    2.357341] NetLabel:  domain hash size = 128
[    2.362698] NetLabel:  protocols = UNLABELED CIPSOv4
[    2.368477] NetLabel:  unlabeled traffic allowed by default
[    2.375163] amd_nb: Cannot enumerate AMD northbridges
[    2.381257] clocksource: Switched to clocksource kvm-clock
[    2.415426] AppArmor: AppArmor Filesystem Enabled
[    2.421221] pnp: PnP ACPI init
[    2.429079] pnp: PnP ACPI: found 3 devices
[    2.460619] clocksource: acpi_pm: mask: 0xffffff max_cycles: 0xffffff, max_idle_ns: 2085701024 ns
[    2.471375] NET: Registered protocol family 2
[    2.478528] TCP established hash table entries: 16384 (order: 5, 131072 bytes)
[    2.488090] TCP bind hash table entries: 16384 (order: 6, 262144 bytes)
[    2.496169] TCP: Hash tables configured (established 16384 bind 16384)
[    2.503863] UDP hash table entries: 1024 (order: 3, 32768 bytes)
[    2.513760] UDP-Lite hash table entries: 1024 (order: 3, 32768 bytes)
[    2.521596] NET: Registered protocol family 1
[    2.527093] pci 0000:00:00.0: Limiting direct PCI/PCI transfers
[    2.535694] pci 0000:00:01.0: Activating ISA DMA hang workarounds
[    2.544353] Unpacking initramfs...
[    9.686859] Freeing initrd memory: 10792K
[    9.692281] RAPL PMU detected, API unit is 2^-32 Joules, 4 fixed counters 10737418240 ms ovfl timer
[    9.702500] hw unit of domain pp0-core 2^-0 Joules
[    9.708001] hw unit of domain package 2^-0 Joules
[    9.713392] hw unit of domain dram 2^-0 Joules
[    9.718593] hw unit of domain pp1-gpu 2^-0 Joules
[    9.724601] platform rtc_cmos: registered platform RTC device (no PNP device found)
[    9.734003] Scanning for low memory corruption every 60 seconds
[    9.741512] audit: initializing netlink subsys (disabled)
[    9.747606] audit: type=2000 audit(1522046579.661:1): initialized
[    9.755151] Initialise system trusted keyring
[    9.760970] HugeTLB registered 2 MB page size, pre-allocated 0 pages
[    9.772128] zbud: loaded
[    9.776629] VFS: Disk quotas dquot_6.6.0
[    9.781503] VFS: Dquot-cache hash table entries: 512 (order 0, 4096 bytes)
[    9.789536] squashfs: version 4.0 (2009/01/31) Phillip Lougher
[    9.797884] fuse init (API version 7.23)
[    9.803588] Key type big_key registered
[    9.808385] Allocating IMA MOK and blacklist keyrings.
[    9.819556] Key type asymmetric registered
[    9.824624] Asymmetric key parser 'x509' registered
[    9.830731] Block layer SCSI generic (bsg) driver version 0.4 loaded (major 249)
[    9.840903] io scheduler noop registered
[    9.846261] io scheduler deadline registered (default)
[    9.852246] io scheduler cfq registered
[    9.857267] pci_hotplug: PCI Hot Plug PCI Core version: 0.5
[    9.864693] pciehp: PCI Express Hot Plug Controller Driver version: 0.4
[    9.872465] ACPI: AC Adapter [AC] (on-line)
[    9.877597] input: Power Button as /devices/LNXSYSTM:00/LNXPWRBN:00/input/input0
[    9.887106] ACPI: Power Button [PWRF]
[    9.892292] input: Sleep Button as /devices/LNXSYSTM:00/LNXSLPBN:00/input/input1
[    9.901103] ACPI: Sleep Button [SLPF]
[    9.909193] ACPI: Battery Slot [BAT0] (battery present)
[    9.915410] GHES: HEST is not enabled!
[    9.920203] Serial: 8250/16550 driver, 32 ports, IRQ sharing enabled
[    9.962896] 00:02: ttyS0 at I/O 0x3f8 (irq = 4, base_baud = 115200) is a 16550A
[    9.975218] Linux agpgart interface v0.103
[    9.984843] loop: module loaded
[    9.991344] scsi host0: ata_piix
[    9.996135] scsi host1: ata_piix
[   10.000374] ata1: PATA max UDMA/33 cmd 0x1f0 ctl 0x3f6 bmdma 0xd000 irq 14
[   10.007576] ata2: PATA max UDMA/33 cmd 0x170 ctl 0x376 bmdma 0xd008 irq 15
[   10.015152] libphy: Fixed MDIO Bus: probed
[   10.020350] tun: Universal TUN/TAP device driver, 1.6
[   10.026253] tun: (C) 1999-2004 Max Krasnyansky <maxk@qualcomm.com>
[   10.033020] PPP generic driver version 2.4.2
[   10.038220] ehci_hcd: USB 2.0 'Enhanced' Host Controller (EHCI) Driver
[   10.045220] ehci-pci: EHCI PCI platform driver
[   10.050810] ehci-platform: EHCI generic platform driver
[   10.056689] ohci_hcd: USB 1.1 'Open' Host Controller (OHCI) Driver
[   10.063577] ohci-pci: OHCI PCI platform driver
[   10.068919] ohci-platform: OHCI generic platform driver
[   10.075029] uhci_hcd: USB Universal Host Controller Interface driver
[   10.082179] i8042: PNP: PS/2 Controller [PNP0303:PS2K,PNP0f03:PS2M] at 0x60,0x64 irq 1,12
[   10.093221] serio: i8042 KBD port at 0x60,0x64 irq 1
[   10.099090] serio: i8042 AUX port at 0x60,0x64 irq 12
[   10.105291] mousedev: PS/2 mouse device common for all mice
[   10.113532] input: AT Translated Set 2 keyboard as /devices/platform/i8042/serio0/input/input2
[   10.123503] rtc_cmos rtc_cmos: rtc core: registered rtc_cmos as rtc0
[   10.131248] rtc_cmos rtc_cmos: alarms up to one day, 114 bytes nvram
[   10.138484] i2c /dev entries driver
[   10.143190] device-mapper: uevent: version 1.0.3
[   10.148635] device-mapper: ioctl: 4.34.0-ioctl (2015-10-28) initialised: dm-devel@redhat.com
[   10.158321] ledtrig-cpu: registered to indicate activity on CPUs
[   10.166269] NET: Registered protocol family 10
[   10.172050] NET: Registered protocol family 17
[   10.177275] Key type dns_resolver registered
[   10.182835] microcode: CPU0 sig=0x40651, pf=0x40, revision=0x0
[   10.189878] microcode: CPU1 sig=0x40651, pf=0x40, revision=0x0
[   10.196308] microcode: Microcode Update Driver: v2.01 <tigran@aivazian.fsnet.co.uk>, Peter Oruba
[   10.207111] registered taskstats version 1
[   10.212229] Loading compiled-in X.509 certificates
[   10.218985] Loaded X.509 cert 'Build time autogenerated kernel key: 4c603087bab8f0a02cb3b4e1fb4c40f507e71ef1'
[   10.230155] zswap: loaded using pool lzo/zbud
[   10.239322] Key type trusted registered
[   10.252974] Key type encrypted registered
[   10.258138] AppArmor: AppArmor sha1 policy hashing enabled
[   10.264287] ima: No TPM chip found, activating TPM-bypass!
[   10.270598] evm: HMAC attrs: 0x1
[   10.276501]   Magic number: 10:254:722
[   10.281113] block loop2: hash matches
[   10.286329] rtc_cmos rtc_cmos: setting system clock to 2018-03-26 06:42:53 UTC (1522046573)
[   10.296187] BIOS EDD facility v0.16 2004-Jun-25, 0 devices found
[   10.302997] EDD information not available.
[   10.315800] Freeing unused kernel memory: 1508K
[   10.321304] Write protecting the kernel read-only data: 14336k
[   10.329458] Freeing unused kernel memory: 1728K
[   10.336021] Freeing unused kernel memory: 108K
Loading, please wait...
starting version 229
[   10.373584] random: systemd-udevd: uninitialized urandom read (16 bytes read, 3 bits of entropy available)
[   10.375815] random: udevadm: uninitialized urandom read (16 bytes read, 3 bits of entropy available)
[   10.375851] random: udevadm: uninitialized urandom read (16 bytes read, 3 bits of entropy available)
[   10.399742] random: udevadm: uninitialized urandom read (16 bytes read, 3 bits of entropy available)
[   10.399829] random: udevadm: uninitialized urandom read (16 bytes read, 3 bits of entropy available)
[   10.400213] random: udevadm: uninitialized urandom read (16 bytes read, 3 bits of entropy available)
[   10.400334] random: udevadm: uninitialized urandom read (16 bytes read, 3 bits of entropy available)
[   10.400452] random: udevadm: uninitialized urandom read (16 bytes read, 3 bits of entropy available)
[   10.400569] random: udevadm: uninitialized urandom read (16 bytes read, 3 bits of entropy available)
[   10.400685] random: udevadm: uninitialized urandom read (16 bytes read, 3 bits of entropy available)
[   10.614270] e1000: Intel(R) PRO/1000 Network Driver - version 7.3.21-k8-NAPI
[   10.622630] e1000: Copyright (c) 1999-2006 Intel Corporation.
[   10.635527] Fusion MPT base driver 3.04.20
[   10.640999] Copyright (c) 1999-2008 LSI Corporation
[   10.696881] Fusion MPT SPI Host driver 3.04.20
[   10.704625] AVX2 version of gcm_enc/dec engaged.
[   10.711344] AES CTR mode by8 optimization enabled
[   10.941758] input: ImExPS/2 Generic Explorer Mouse as /devices/platform/i8042/serio1/input/input4
[   11.463508] e1000 0000:00:03.0 eth0: (PCI:33MHz:32-bit) 02:1f:2a:60:99:e3
[   11.479515] e1000 0000:00:03.0 eth0: Intel(R) PRO/1000 Network Connection
[   12.442045] e1000 0000:00:08.0 eth1: (PCI:33MHz:32-bit) 08:00:27:b3:8a:04
[   12.452778] e1000 0000:00:08.0 eth1: Intel(R) PRO/1000 Network Connection
[   12.467159] mptbase: ioc0: Initiating bringup
[   12.467621] e1000 0000:00:08.0 enp0s8: renamed from eth1
[   12.487991] e1000 0000:00:03.0 enp0s3: renamed from eth0
[   12.544349] ioc0: LSI53C1030 A0: Capabilities={Initiator}
[   12.754361] scsi host2: ioc0: LSI53C1030 A0, FwRev=00000000h, Ports=1, MaxQ=256, IRQ=20
[   12.890382] scsi 2:0:0:0: Direct-Access     VBOX     HARDDISK         1.0  PQ: 0 ANSI: 5
[   12.946302] scsi target2:0:0: Beginning Domain Validation
[   12.954846] scsi target2:0:0: Domain Validation skipping write tests
[   12.961526] scsi target2:0:0: Ending Domain Validation
[   12.967296] scsi target2:0:0: asynchronous
[   12.973275] scsi 2:0:1:0: Direct-Access     VBOX     HARDDISK         1.0  PQ: 0 ANSI: 5
[   12.982414] scsi target2:0:1: Beginning Domain Validation
[   12.991142] scsi target2:0:1: Domain Validation skipping write tests
[   12.997842] scsi target2:0:1: Ending Domain Validation
[   13.003900] scsi target2:0:1: asynchronous
[   13.026698] sd 2:0:0:0: Attached scsi generic sg0 type 0
[   13.033556] sd 2:0:0:0: [sda] 20971520 512-byte logical blocks: (10.7 GB/10.0 GiB)
[   13.043420] sd 2:0:1:0: [sdb] 20480 512-byte logical blocks: (10.5 MB/10.0 MiB)
[   13.052845] sd 2:0:0:0: [sda] Write Protect is off
[   13.053125] sd 2:0:1:0: [sdb] Write Protect is off
[   13.053436] sd 2:0:1:0: [sdb] Incomplete mode parameter data
[   13.053440] sd 2:0:1:0: [sdb] Assuming drive cache: write through
[   13.062053] sd 2:0:1:0: Attached scsi generic sg1 type 0
[   13.068976] sd 2:0:1:0: [sdb] Attached SCSI disk
[   13.091050] sd 2:0:0:0: [sda] Incomplete mode parameter data
[   13.097423] sd 2:0:0:0: [sda] Assuming drive cache: write through
[   13.107834]  sda: sda1
[   13.114046] sd 2:0:0:0: [sda] Attached SCSI disk
[   13.651374] floppy0: no floppy controllers found
Begin: Loading essential drivers ... [   16.253056] md: linear personality registered for level -1
[   16.266170] md: multipath personality registered for level -4
[   16.279249] md: raid0 personality registered for level 0
[   16.293588] md: raid1 personality registered for level 1
[   16.381347] raid6: sse2x1   gen()  1907 MB/s
[   16.454529] raid6: sse2x1   xor()  1473 MB/s
[   16.525890] raid6: sse2x2   gen()  3581 MB/s
[   16.593311] raid6: sse2x2   xor()  2012 MB/s
[   16.665680] raid6: sse2x4   gen()  5672 MB/s
[   16.738023] raid6: sse2x4   xor()  3353 MB/s
[   16.809395] raid6: avx2x1   gen()  4646 MB/s
[   16.881809] raid6: avx2x2   gen()  9289 MB/s
[   16.953298] raid6: avx2x4   gen() 11345 MB/s
[   16.966501] raid6: using algorithm avx2x4 gen() 11345 MB/s
[   16.973206] raid6: using avx2x2 recovery algorithm
[   16.982122] xor: automatically using best checksumming function:
[   17.025440]    avx       : 11518.000 MB/sec
[   17.033712] async_tx: api initialized (async)
[   17.055438] md: raid6 personality registered for level 6
[   17.062277] md: raid5 personality registered for level 5
[   17.068241] md: raid4 personality registered for level 4
[   17.086509] md: raid10 personality registered for level 10
done.
Begin: Running /scripts/init-premount ... done.
Begin: Mounting root file system ... Begin: Running /scripts/local-top ... done.
Begin: Running /scripts/local-premount ... [   17.187735] Btrfs loaded
Scanning for Btrfs filesystems
done.
Warning: fsck not present, so skipping root file system
[   17.261825] EXT4-fs (sda1): mounted filesystem with ordered data mode. Opts: (null)
done.
Begin: Running /scripts/local-bottom ... done.
Begin: Running /scripts/init-bottom ... done.
[   17.477010] systemd[1]: systemd 229 running in system mode. (+PAM +AUDIT +SELINUX +IMA +APPARMOR +SMACK +SYSVINIT +UTMP +LIBCRYPTSETUP +GCRYPT +GNUTLS +ACL +XZ -LZ4 +SECCOMP +BLKID +ELFUTILS +KMOD -IDN)
[   17.498514] systemd[1]: Detected virtualization oracle.
[   17.504360] systemd[1]: Detected architecture x86-64.

Welcome to [1mUbuntu 16.04.3 LTS[0m!

[   17.519133] systemd[1]: Set hostname to <ubuntu>.
[   17.528976] systemd[1]: Initializing machine ID from random generator.
[   17.536556] systemd[1]: Installed transient /etc/machine-id file.
[   17.820428] systemd[1]: Started Forward Password Requests to Wall Directory Watch.
[[0;32m  OK  [0m] Started Forward Password Requests to Wall Directory Watch.
[   17.836703] systemd[1]: Listening on Syslog Socket.
[[0;32m  OK  [0m] Listening on Syslog Socket.
[   17.848531] systemd[1]: Created slice System Slice.
[[0;32m  OK  [0m] Created slice System Slice.
[   17.859503] systemd[1]: Reached target User and Group Name Lookups.
[[0;32m  OK  [0m] Reached target User and Group Name Lookups.
[   17.873184] systemd[1]: Created slice User and Session Slice.
[[0;32m  OK  [0m] Created slice User and Session Slice.
[   17.885703] systemd[1]: Reached target Slices.
[[0;32m  OK  [0m] Reached target Slices.
[   17.895932] systemd[1]: Set up automount Arbitrary Executable File Formats File System Automount Point.
[[0;32m  OK  [0m] Set up automount Arbitrary Executab...ats File System Automount Point.
[   17.915156] systemd[1]: Listening on Journal Socket (/dev/log).
[[0;32m  OK  [0m] Listening on Journal Socket (/dev/log).
[   17.928484] systemd[1]: Created slice system-serial\x2dgetty.slice.
[[0;32m  OK  [0m] Created slice system-serial\x2dgetty.slice.
[   17.941632] systemd[1]: Listening on Device-mapper event daemon FIFOs.
[[0;32m  OK  [0m] Listening on Device-mapper event daemon FIFOs.
[   17.955693] systemd[1]: Listening on LVM2 poll daemon socket.
[[0;32m  OK  [0m] Listening on LVM2 poll daemon socket.
[   17.967953] systemd[1]: Listening on udev Control Socket.
[[0;32m  OK  [0m] Listening on udev Control Socket.
[   17.979766] systemd[1]: Started Trigger resolvconf update for networkd DNS.
[[0;32m  OK  [0m] Started Trigger resolvconf update for networkd DNS.
[   17.994219] systemd[1]: Listening on udev Kernel Socket.
[[0;32m  OK  [0m] Listening on udev Kernel Socket.
[   18.006202] systemd[1]: Listening on Journal Socket.
[[0;32m  OK  [0m] Listening on Journal Socket.
[   18.030319] systemd[1]: Starting Create list of required static device nodes for the current kernel...
         Starting Create list of required st... nodes for the current kernel...
[   18.051620] systemd[1]: Starting Uncomplicated firewall...
         Starting Uncomplicated firewall...
[   18.067170] systemd[1]: Mounting POSIX Message Queue File System...
         Mounting POSIX Message Queue File System...
[   18.083381] systemd[1]: Mounting Huge Pages File System...
         Mounting Huge Pages File System...
[   18.097615] systemd[1]: Starting Nameserver information manager...
         Starting Nameserver information manager...
[   18.120152] systemd[1]: Listening on LVM2 metadata daemon socket.
[[0;32m  OK  [0m] Listening on LVM2 metadata daemon socket.
[   18.134913] systemd[1]: Starting Monitoring of LVM2 mirrors, snapshots etc. using dmeventd or progress polling...
         Starting Monitoring of LVM2 mirrors... dmeventd or progress polling...
[   18.163534] systemd[1]: Starting Remount Root and Kernel File Systems...
[   18.172026] EXT4-fs (sda1): re-mounted. Opts: (null)
         Starting Remount Root and Kernel File Systems...
[   18.200449] systemd[1]: Mounting Debug File System...
         Mounting Debug File System...
[   18.219675] systemd[1]: Reached target Encrypted Volumes.
[[0;32m  OK  [0m] Reached target Encrypted Volumes.
[   18.232477] systemd[1]: Reached target Swap.
[[0;32m  OK  [0m] Reached target Swap.
[   18.243204] systemd[1]: Listening on /dev/initctl Compatibility Named Pipe.
[[0;32m  OK  [0m] Listening on /dev/initctl Compatibility Named Pipe.
[   18.258199] systemd[1]: Listening on Journal Audit Socket.
[[0;32m  OK  [0m] Listening on Journal Audit Socket.
[   18.281677] systemd[1]: Starting Journal Service...
         Starting Journal Service...
[   18.304552] systemd[1]: Starting Load Kernel Modules...
         Starting Load Kernel Modules...
[   18.333115] Loading iSCSI transport class v2.0-870.
[   18.334801] systemd[1]: Starting Set console keymap...
         Starting Set console keymap...
[   18.358530] systemd[1]: Mounted Huge Pages File System.
[[0;32m  OK  [0m] Mounted Huge Pages File System.
[   18.373238] systemd[1]: Mounted Debug File System.
[[0;32m  OK  [0m] Mounted Debug File System.
[   18.388042] systemd[1]: Mounted POSIX Message Queue File System.
[   18.396959] iscsi: registered transport (tcp)
[[0;32m  OK  [0m] Mounted POSIX Message Queue File System.
[   18.412785] systemd[1]: Started Create list of required static device nodes for the current kernel.
[[0;32m  OK  [0m] Started Create list of required sta...ce nodes for the current kernel.
[   18.444457] systemd[1]: Started Uncomplicated firewall.
[[0;32m  OK  [0m] Started Uncomplicated firewall.
[   18.482898] systemd[1]: Started Remount Root and Kernel File Systems.
[[0;32m  OK  [0m] Started Remount Root and Kernel File Systems.
[   18.534148] systemd[1]: Started Nameserver information manager.
[[0;32m  OK  [0m] Started Nameserver information manager.
[   18.570387] systemd[1]: Started Journal Service.
[   18.583923] iscsi: registered transport (iser)
[   18.592331] random: nonblocking pool is initialized
[[0;32m  OK  [0m] Started Journal Service.
[[0;32m  OK  [0m] Started Load Kernel Modules.
[[0;32m  OK  [0m] Started Set console keymap.
[[0;32m  OK  [0m] Started LVM2 metadata daemon.
         Mounting FUSE Control File System...
         Starting Apply Kernel Variables...
         Starting Load/Save Random Seed...
         Starting Initial cloud-init job (pre-networking)...
         Starting Flush Journal to Persistent Storage...
         Starting udev Coldplug all Devices...
         Starting Create Static Device Nodes in /dev...
[[0;32m  OK  [0m] Mounted FUSE Control File System.
[[0;32m  OK  [0m] Started Apply Kernel Variables.
[[0;32m  OK  [0m] Started Load/Save Random Seed.
[[0;32m  OK  [0m] Started Create Static Device Nodes in /dev.
[[0;32m  OK  [0m] Started udev Coldplug all Devices.
[[0;32m  OK  [0m] Started Flush Journal to Persistent Storage.
         Starting udev Kernel Device Manager...
[[0;32m  OK  [0m] Started udev Kernel Device Manager.
[[0;32m  OK  [0m] Started Dispatch Password Requests to Console Directory Watch.
[[0;32m  OK  [0m] Started Monitoring of LVM2 mirrors,...ng dmeventd or progress polling.
[[0;32m  OK  [0m] Reached target Local File Systems (Pre).
[[0;32m  OK  [0m] Reached target Local File Systems.
         Starting Tell Plymouth To Write Out Runtime Data...
         Starting Commit a transient machine-id on disk...
         Starting Set console font and keymap...
         Starting LSB: AppArmor initialization...
         Starting Create Volatile Files and Directories...
[[0;32m  OK  [0m] Started Tell Plymouth To Write Out Runtime Data.
[[0;32m  OK  [0m] Started Commit a transient machine-id on disk.
[[0;32m  OK  [0m] Started Create Volatile Files and Directories.
[[0;32m  OK  [0m] Reached target System Time Synchronized.
         Starting Update UTMP about System Boot/Shutdown...
[[0;32m  OK  [0m] Started Update UTMP about System Boot/Shutdown.
[[0;32m  OK  [0m] Found device /dev/ttyS0.
[[0;32m  OK  [0m] Listening on Load/Save RF Kill Switch Status /dev/rfkill Watch.
[   21.333543] cloud-init[451]: Cloud-init v. 17.1 running 'init-local' at Mon, 26 Mar 2018 06:43:04 +0000. Up 20.01 seconds.
[[0;32m  OK  [0m] Started Initial cloud-init job (pre-networking).
[[0;32m  OK  [0m] Reached target Network (Pre).
[[0;32m  OK  [0m] Started LSB: AppArmor initialization.
         Starting Raise network interfaces...
[[0;32m  OK  [0m] Started Set console font and keymap.
[[0;32m  OK  [0m] Created slice system-getty.slice.
[[0;32m  OK  [0m] Started Raise network interfaces.
         Starting Initial cloud-init job (metadata service crawler)...
[[0;32m  OK  [0m] Reached target Network.
[   30.464431] cloud-init[955]: Cloud-init v. 17.1 running 'init' at Mon, 26 Mar 2018 06:43:12 +0000. Up 28.00 seconds.
[   30.531510] cloud-init[955]: ci-info: ++++++++++++++++++++++++++++++++++++++Net device info++++++++++++++++++++++++++++++++++++++
[   30.555982] cloud-init[955]: ci-info: +--------+-------+----------------------------+---------------+-------+-------------------+
[   30.583200] cloud-init[955]: ci-info: | Device |   Up  |          Address           |      Mask     | Scope |     Hw-Address    |
[   30.604787] cloud-init[955]: ci-info: +--------+-------+----------------------------+---------------+-------+-------------------+
[   30.627968] cloud-init[955]: ci-info: | enp0s3 |  True |         10.0.2.15          | 255.255.255.0 |   .   | 02:1f:2a:60:99:e3 |
[   30.650177] cloud-init[955]: ci-info: | enp0s3 |  True | fe80::1f:2aff:fe60:99e3/64 |       .       |  link | 02:1f:2a:60:99:e3 |
[   30.674707] cloud-init[955]: ci-info: | enp0s8 | False |             .              |       .       |   .   | 08:00:27:b3:8a:04 |
[   30.698601] cloud-init[955]: ci-info: |   lo   |  True |         127.0.0.1          |   255.0.0.0   |   .   |         .         |
[   30.723688] cloud-init[955]: ci-info: |   lo   |  True |          ::1/128           |       .       |  host |         .         |
[   30.745398] cloud-init[955]: ci-info: +--------+-------+----------------------------+---------------+-------+-------------------+
[   30.776854] cloud-init[955]: ci-info: +++++++++++++++++++++++++++Route IPv4 info++++++++++++++++++++++++++++
[   30.802602] cloud-init[955]: ci-info: +-------+-------------+----------+---------------+-----------+-------+
[   30.831973] cloud-init[955]: ci-info: | Route | Destination | Gateway  |    Genmask    | Interface | Flags |
[   30.852777] cloud-init[955]: ci-info: +-------+-------------+----------+---------------+-----------+-------+
[   30.937908] cloud-init[955]: ci-info: |   0   |   0.0.0.0   | 10.0.2.2 |    0.0.0.0    |   enp0s3  |   UG  |
[   30.985199] cloud-init[955]: ci-info: |   1   |   10.0.2.0  | 0.0.0.0  | 255.255.255.0 |   enp0s3  |   U   |
[   31.021254] cloud-init[955]: ci-info: +-------+-------------+----------+---------------+-----------+-------+
[   31.051408] cloud-init[955]: Generating public/private rsa key pair.
[[0;32m  OK  [0m] Started Initial cloud-init job (metadata service crawler).
[[0;32m  OK  [0m] Reached target Network is Online.
[   31.064983] cloud-init[955]: Your identification has been saved in /etc/ssh/ssh_host_rsa_key.
[   31.104730] cloud-init[955]: Your public key has been saved in /etc/ssh/ssh_host_rsa_key.pub.         Starting iSCSI initiator daemon (iscsid)...
[[0;32m  OK  [0m] Reached target Cloud-config availability.
[[0;32m  OK  [0m] Reached target System Initialization.
[[0;32m  OK  [0m] Started Timer to automatically refresh installed snaps.
[[0;32m  OK  [0m] Listening on ACPID Listen Socket.
[[0;32m  OK  [0m] Listening on UUID daemon activation socket.
         Starting Socket activation for snappy daemon.

[   31.151710] cloud-init[955]: The key fingerprint is:
[   31.151927] cloud-init[955]: SHA256:inTFBdXJ9MVYSzJVeABa6lptttWCMeSJd639jl+7kOw root@ubuntu-xenial
[   31.152142] cloud-init[955]: The key's randomart image is:
[[0;32m  OK  [0m] Started Daily Cleanup of Temporary Directories.
[[0;32m  OK  [0m] Started ACPI Events Check.
[[0;32m  OK  [0m] Reached target Paths.
[[0;32m  OK  [0m] Listening on D-Bus System Message Bus Socket.
[[0;32m  OK  [0m] Started Daily apt download activities.
[[0;32m  OK  [0m] Started Daily apt upgrade and clean activities.
[[0;32m  OK  [0m] Reached target Timers.
[   31.152892] cloud-init[955]: +---[RSA 2048]----+
[   31.312320] cloud-init[955]: |        .oo+==oO=|
[   31.315528] cloud-init[955]: |       . . B+o*o+|
[   31.315716] cloud-init[955]: |        o + * oo.|
[   31.316025] cloud-init[955]: |       . . o = + |
[   31.316187] cloud-init[955]: |    . . S o = + o|
[   31.316377] cloud-init[955]: |   . o . o o.o...|
[   31.316931] cloud-init[955]: |    . . .   .+  o|
         Starting LXD - unix socket.
[   31.317106] cloud-init[955]: |            . .oo|
[   31.400077] cloud-init[955]: |             E.++|
[[0;32m  OK  [0m] Listening on Socket activation for snappy daemon.
[   31.413204] cloud-init[955]: +----[SHA256]-----+
[[0;32m  OK  [0m] Listening on LXD - unix socket.
[   31.442639] [[0;32m  OK  [0m] Started iSCSI initiator daemon (iscsid).
cloud-init[955]: Generating public/private dsa key pair.
[   31.534054] cloud-init[955]: Your identification has been saved in /etc/ssh/ssh_host_dsa_key.
         Starting Login to default iSCSI targets...
[   31.574044] [[0;32m  OK  [0m] Reached target Sockets.
[[0;32m  OK  [0m] Reached target Basic System.
cloud-init[955]: Your public key has been saved in /etc/ssh/ssh_host_dsa_key.pub.
         Starting Accounts Service...
         Starting Pollinate to seed the pseudo random number generator...
[   31.645844] cloud-init[955]: The key fingerprint is:
[   31.694468]          Starting Login Service...
cloud-init[[0;32m  OK  [0m] Started ACPI event daemon.
[955]: SHA256:KFbiiiAAeg5B2sqx7JjY03Q7QZHKI2eJZT/rd076y9c root@ubuntu-xenial
         Starting /etc/rc.local Compatibility...
         Starting Apply the settings specified in cloud-config...
[   31.741573] cloud-init[955]: The key's randomart image is:
[   31.785138] [[0;32m  OK  [0m] Started Unattended Upgrades Shutdown.
cloud-init[955]: +---[DSA 1024]----+
         Starting LSB: Record successful boot for GRUB...
[   31.843462] cloud-init[955]: |+.    ..         |
[[0;32m  OK  [0m] Started Regular background program processing daemon.
[   32.020033] cloud-init[955]: |+o  o ..         |
         Starting System Logging Service...
         Starting LSB: MD monitoring daemon...
[   32.053167] cloud-init[955]: |=.o=.+o          |
[[0;32m  OK  [0m] Started D-Bus System Message Bus.
[   32.171784] cloud-init[955]: |+==.B+o.         |
[   32.269344] cloud-init[955]: |++.+=.+oS        |
[   32.300657] cloud-init[955]: |*+ = o.o         |
[[0;32m  OK  [0m] Started Deferred execution scheduler.
         Starting LXD - container startup/shutdown...
[[0;32m  OK  [0m] Started FUSE filesystem for LXC.
         Starting Snappy daemon...
[[0;32m  OK  [0m] Started System Logging Service.
[[0;32m  OK  [0m] Started /etc/rc.local Compatibility.
[   32.453469] cloud-init[955]: |=.+ ..o   .  .   |
[   32.524556] cloud-init[955]: |   .  ...+. . E  |
[   32.612354] cloud-init[955]: [[0;32m  OK  [0m] Started Login to default iSCSI targets.
|       ..+=o     |
[   32.698950] cloud-init[955]: +----[SHA256]-----+
[   32.752735] cloud-init[955]: Generating public/private ecdsa key pair.
[   32.862273] cloud-init[955]: Your identification has been saved in /etc/ssh/ssh_host_ecdsa_key.
[[0;32m  OK  [0m] Started LSB: Record successful boot for GRUB.
[   32.883300] cloud-init[[0;32m  OK  [0m] Started LXD - container startup/shutdown.
[955]: Your public key has been saved in /etc/ssh/ssh_host_ecdsa_key.pub.
[   32.988864] cloud-init[955]: The key fingerprint is:
[   33.020967] [[0;32m  OK  [0m] Started LSB: MD monitoring daemon.
cloud-init[955]: SHA256:ih17VOA4NTEhAIyhriP4BSFwJL/FKRSy5fA1ug7K2nY root@ubuntu-xenial
[   33.087626] cloud-init[955]: The key's randomart image is:
[   33.141299] cloud-init[955]: +---[ECDSA 256]---+
[[0;32m  OK  [0m] Started Login Service.
[   33.164607] cloud-init[955]: |*=Bo+.. Bo       |
[   33.180539]          Starting Authenticate and Authorize Users to Run Privileged Tasks...
[[0;32m  OK  [0m] Reached target Remote File Systems (Pre).
cloud-init[955]: |+%.+ o = +       |
[   33.203641] cloud-init[955]: |+ B + o . .      |
[   33.203824] cloud-init[955]: |.. *   . .       |
[   33.203993] cloud-init[955]: |..+   . S        |
[[0;32m  OK  [0m] Reached target Remote File Systems.
         Starting LSB: daemon to balance interrupts for SMP systems...
         Starting LSB: automatic crash report generation...
         Starting Permit User Sessions...
         Starting LSB: VirtualBox Linux Additions...
         Starting LSB: Set the CPU Frequency Scaling governor to "ondemand"...
[   33.206356] cloud-init[955]: |=o . o =         |
[   33.315008] cloud-init[955]: |*.. o + .        |
[   33.315407] cloud-init[955]: |o+..E  .         |
[[0;32m  OK  [0m] Started Snappy daemon.
[[0;32m  OK  [0m] Started Permit User Sessions.
[   33.339472] cloud-init[955]: |..o.             |
[   33.454086]          Starting Terminate Plymouth Boot Screen...
cloud-init[955]: +----[SHA256]-----+
[   33.505996] cloud-init[955]: Generating public/private ed25519 key pair.
         Starting Hold until boot process finishes up...
[[0;32m  OK  [0m] Started LSB: Set the CPU Frequency Scaling governor to "ondemand".
[   33.528432] cloud-init[955]: Your identification has been saved in /etc/ssh/ssh_host_ed25519_key.
[   33.602288] cloud-init[[0;32m  OK  [0m] Started Terminate Plymouth Boot Screen.
[[0;32m  OK  [0m[955]: ] Started Hold until boot process finishes up.
Your public key has been saved in /etc/ssh/ssh_host_ed25519_key.pub.[[0;32m  OK  [0m] Started Authenticate and Authorize Users to Run Privileged Tasks.
[[0;32m  OK  [0m] Started Accounts Service.

[   33.688830] [[0;32m  OK  [0m] Started LSB: daemon to balance interrupts for SMP systems.
cloud-init[955]: The key fingerprint is:
         Starting Set console scheme...
[[0;32m  OK  [0m] Started Getty on tty1.
[   33.758076] cloud-init[955]: SHA256:B+RuvD9IliTeH8IqEGJDFoAsFx6AO9LOMjq4ZWEXiSY root@ubuntu-xenial
[   33.813695] cloud-init[955]: The key's randomart image is:
[   33.814447] cloud-init[955]: +--[ED25519 256]--+
[   33.816061] cloud-init[955]: |Bo+.    .        |
[   33.816225] cloud-init[955]: |+=.o . o         |
[   33.816703] cloud-init[955]: |E++ o   o        |
[   33.817055] cloud-init[955]: |==o  ..o..       |
[   33.817372] cloud-init[955]: |o=+... =S..      |
[   33.817788] cloud-init[955]: |o.+o  ..Bo.      |
[   33.818021] cloud-init[955]: |ooo.   +.+ .     |
[[0;32m  OK  [0m] Started Serial Getty on ttyS0.
[[0;32m  OK  [0m] Reached target Login Prompts.
[   33.820180] cloud-init[955]: |+o  . . ..o      |
[   33.913673] cloud-init[955]: |.o   .    ..     |
[   33.913955] [[0;32m  OK  [0m] Started LSB: automatic crash report generation.
[[0;32m  OK  [0m] Started Set console scheme.
cloud-init[955]: +----[SHA256]-----+
[[0;32m  OK  [0m] Started LSB: VirtualBox Linux Additions.
[[0;32m  OK  [0m] Started Pollinate to seed the pseudo random number generator.
         Starting OpenBSD Secure Shell server...
[[0;32m  OK  [0m] Started OpenBSD Secure Shell server.
[[0;32m  OK  [0m] Reached target Multi-User System.
[[0;32m  OK  [0m] Reached target Graphical Interface.
         Starting Update UTMP about System Runlevel Changes...
[[0;32m  OK  [0m] Started Update UTMP about System Runlevel Changes.
[[0;32m  OK  [0m] Created slice User Slice of vagrant.
         Starting User Manager for UID 1000...
[[0;32m  OK  [0m] Started Session 1 of user vagrant.
[[0;32m  OK  [0m] Started User Manager for UID 1000.
[   36.320472] cloud-init[1079]: Generating locales (this might take a while)...

Ubuntu 16.04.3 LTS ubuntu-xenial ttyS0

ubuntu-xenial login: [   40.990712] cloud-init[1079]:   en_US.UTF-8... done
[   40.991410] cloud-init[1079]: Generation complete.
[   42.184276] cloud-init[1079]: Cloud-init v. 17.1 running 'modules:config' at Mon, 26 Mar 2018 06:43:20 +0000. Up 35.33 seconds.
ci-info: no authorized ssh keys fingerprints found for user ubuntu.
<14>Mar 26 06:43:28 ec2: 
<14>Mar 26 06:43:28 ec2: #############################################################
<14>Mar 26 06:43:28 ec2: -----BEGIN SSH HOST KEY FINGERPRINTS-----
<14>Mar 26 06:43:28 ec2: 1024 SHA256:KFbiiiAAeg5B2sqx7JjY03Q7QZHKI2eJZT/rd076y9c root@ubuntu-xenial (DSA)
<14>Mar 26 06:43:28 ec2: 256 SHA256:ih17VOA4NTEhAIyhriP4BSFwJL/FKRSy5fA1ug7K2nY root@ubuntu-xenial (ECDSA)
<14>Mar 26 06:43:28 ec2: 256 SHA256:B+RuvD9IliTeH8IqEGJDFoAsFx6AO9LOMjq4ZWEXiSY root@ubuntu-xenial (ED25519)
<14>Mar 26 06:43:28 ec2: 2048 SHA256:inTFBdXJ9MVYSzJVeABa6lptttWCMeSJd639jl+7kOw root@ubuntu-xenial (RSA)
<14>Mar 26 06:43:28 ec2: -----END SSH HOST KEY FINGERPRINTS-----
<14>Mar 26 06:43:28 ec2: #############################################################
-----BEGIN SSH HOST KEY KEYS-----
ecdsa-sha2-nistp256 AAAAE2VjZHNhLXNoYTItbmlzdHAyNTYAAAAIbmlzdHAyNTYAAABBBK7dK2+Otcn0qRLL7H8AmCVDISM1Tx1YZE0z2gCE9w+CeDdHUlTvw2/XJSuQ2ZV7CUAkI5GM4Du4Nertg7B2wJ8= root@ubuntu-xenial
ssh-ed25519 AAAAC3NzaC1lZDI1NTE5AAAAILK21Q3cbgmge8oBFEWDSZRutAYj9PtgvjBpmQ4laOYI root@ubuntu-xenial
ssh-rsa AAAAB3NzaC1yc2EAAAADAQABAAABAQCmbGrld6zH3RN1GWrAJZt9HL1IrpstlbgQKlSyvak5nETBNXFRoK4t0MQQmItuRHKTa4oYq0Zl8mbAIyUDnyRR3vm1xvisiw/6SRm35hkhdpZlKGhIb7C9vsqQ84bW6x/XkXxToj0X1oMJYn75P8/y+FLTDpVYD1UVLPlms6b6FdRXQYXGdXgjYs6fo2r6CMRJM9ES9HLpY1uk2LBbgX9QHgwlAxwkl51vVnA3NDf7aMt6E6S7oaPOG1al3jZ+U7lqOnqIQw2nTUAOjb0L8hNuoZ9p0dlKlbskHsCh4Q76Y/Pjkv6ELpsTDS3gxRKoxh3OrTPJYw8pNbM4hRBPaZUV root@ubuntu-xenial
-----END SSH HOST KEY KEYS-----
[   44.002367] cloud-init[1539]: Cloud-init v. 17.1 running 'modules:final' at Mon, 26 Mar 2018 06:43:28 +0000. Up 43.35 seconds.
[   44.002904] cloud-init[1539]: ci-info: no authorized ssh keys fingerprints found for user ubuntu.
[   44.004314] cloud-init[1539]: Cloud-init v. 17.1 finished at Mon, 26 Mar 2018 06:43:28 +0000. Datasource DataSourceNoCloud [seed=/dev/sdb][dsmode=net].  Up 43.91 seconds
[  OK  ] Stopped target Graphical Interface.
         Stopping Daemon for generating UUIDs...
[  OK  ] Closed Load/Save RF Kill Switch Status /dev/rfkill Watch.
         Stopping Session 3 of user vagrant.
         Stopping ACPI event daemon...
         Stopping User Manager for UID 1000...
         Stopping Authenticate and Authorize Users to Run Privileged Tasks...
[  OK  ] Stopped target Cloud-init target.
[  OK  ] Stopped Execute cloud user/final scripts.
[  OK  ] Stopped target Multi-User System.
         Stopping LSB: daemon to balance interrupts for SMP systems...
         Stopping OpenBSD Secure Shell server...
         Stopping LSB: VirtualBox Linux Additions...
         Stopping LSB: Set the CPU Frequency Scaling governor to "ondemand"...
         Stopping Unattended Upgrades Shutdown...
         Stopping LSB: MD monitoring daemon...
         Stopping FUSE filesystem for LXC...
         Stopping System Logging Service...
[  OK  ] Stopped ta
         Stopping LSB: Record successful boot for GRUB...
         Stopping D-Bus System Message Bus...
[  OK  ] Stopped Apply the settings specified in cloud-config.
[  OK  ] Stopped target Cloud-config availability.
[  OK  ] Stopped target Timers.
[  OK  ] Stopped Daily Cleanup of Temporary Directories.
[  OK  ] Stopped Timer to automatically refresh installed snaps.
[  OK  ] Stopped Daily apt upgrade and clean activities.
[  OK  ] Stopped Daily apt download activities.
         Stopping LXD - container startup/shutdown...
         Stopping LSB: automatic crash report generation...
         Stopping Regular background program processing daemon...
         Stopping Snappy daemon...
[  OK  ] Stopped target System Time Synchronized.
         Stopping Accounts Service...
[  OK  ] Unmounted /var/lib/lxcfs.
[  OK  ] Stopped Accounts Service.
[  OK  ] Stopped ACPI event daemon.
[  OK  ] Stopped Regular background program processing daemon.
[  OK  ] Stopped System Logging Service.
[  OK  ] Stopped Deferred execution scheduler.
[  OK  ] Stopped Snappy daemon.
[  OK  ] Stopped Authenticate and Authorize Users to Run Privileged Tasks.
[  OK  ] Stopped Getty on tty1.
[  OK  ] Stopped Serial Getty on ttyS0.
[  OK  ] Stopped OpenBSD Secure Shell server.
[  OK  ] Stopped User Manager for UID 1000.
[  OK  ] Stopped Daemon for generating UUIDs.
[  OK  ] Stopped Session 3 of user vagrant.
[  OK  ] Stopped D-Bus System Message Bus.
[  OK  ] Stopped FUSE filesystem for LXC.
[  OK  ] Stopped LSB: daemon to balance interrupts for SMP systems.
[  OK  ] Stopped LSB: Set the CPU Frequency Scaling governor to "ondemand".
[  OK  ] Stopped LSB: MD monitoring daemon.
[  OK  ] Stopped LSB: VirtualBox Linux Additions.
[  OK  ] Stopped LSB: Record successful boot for GRUB.
[  OK  ] Stopped Unattended Upgrades Shutdown.
[  OK  ] Stopped Docker Application Container Engine.
[  OK  ] Stopped LSB: automatic crash report generation.
[  OK  ] Stopped LXD - container startup/shutdown.
[  OK  ] Removed slice User Slice of vagrant.
         Stopping Login Service...
[  OK  ] Removed slice system-serial\x2dgetty.slice.
         Stopping Permit User Sessions...
[  OK  ] Stopped /etc/rc.local Compatibility.
[  OK  ] Removed slice system-getty.slice.
[  OK  ] Stopped Permit User Sessions.
[  OK  ] Stopped Login Service.
[  OK  ] Stopped target Basic System.
[  OK  ] Stopped target Paths.
[  OK  ] Stopped Forward Password Requests to Wall Directory Watch.
[  OK  ] Stopped ACPI Events Check.
[  OK  ] Stopped Dispatch Password Requests to Console Directory Watch.
[  OK  ] Stopped target Sockets.
[  OK  ] Closed Syslog Socket.
[  OK  ] Closed D-Bus System Message Bus Socket.
[  OK  ] Closed UUID daemon activation socket.
[  OK  ] Closed Socket activation for snappy daemon.
[  OK  ] Closed LXD - unix socket.
[  OK  ] Closed ACPID Listen Socket.
[  OK  ] Closed Docker Socket for the API.
[  OK  ] Stopped target Slices.
[  OK  ] Removed slice User and Session Slice.
[  OK  ] Stopped target User and Group Name Lookups.
[  OK  ] Stopped target System Initialization.
         Stopping Load/Save Random Seed...
[  OK  ] Stopped target Swap.
[  OK  ] Stopped target Encrypted Volumes.
[  OK  ] Stopped Commit a transient machine-id on disk.
         Stopping Update UTMP about System Boot/Shutdown...
[  OK  ] Stopped target Remote File Systems.
[  OK  ] Stopped target Remote File Systems (Pre).
         Stopping Login to default iSCSI targets...
[  OK  ] Stopped Load/Save Random Seed.
[  OK  ] Stopped Update UTMP about System Boot/Shutdown.
[  OK  ] Stopped Create Volatile Files and Directories.
[  OK  ] Stopped Login to default iSCSI targets.
         Stopping iSCSI initiator daemon (iscsid)...
[  OK  ] Stopped iSCSI initiator daemon (iscsid).
[  OK  ] Stopped target Network is Online.
[  OK  ] Stopped Initial cloud-init job (metadata service crawler).
[  OK  ] Stopped target Network.
         Stopping Raise network interfaces...
[  OK  ] Stopped Raise network interfaces.
[  OK  ] Stopped target Local File Systems.
         Unmounting /vagrant...
         Unmounting /run/user/1000...
[  OK  ] Stopped target Network (Pre).
[  OK  ] Stopped Initial cloud-init job (pre-networking).
[  OK  ] Stopped Apply Kernel Variables.
[  OK  ] Stopped Load Kernel Modules.
[  OK  ] Unmounted /vagrant.
[  OK  ] Unmounted /run/user/1000.
[  OK  ] Reached target Unmount All Filesystems.
[  OK  ] Stopped target Local File Systems (Pre).
[  OK  ] Stopped Remount Root and Kernel File Systems.
         Stopping Monitoring of LVM2 mirrors... dmeventd or progress polling...
[  OK  ] Stopped Create Static Device Nodes in /dev.
[  OK  ] Reached target Shutdown.
[  750.966903] reboot: Restarting system
[    0.000000] Initializing cgroup subsys cpuset
[    0.000000] Initializing cgroup subsys cpu
[    0.000000] Initializing cgroup subsys cpuacct
[    0.000000] Linux version 4.4.0-112-generic (buildd@lgw01-amd64-010) (gcc version 5.4.0 20160609 (Ubuntu 5.4.0-6ubuntu1~16.04.5) ) #135-Ubuntu SMP Fri Jan 19 11:48:36 UTC 2018 (Ubuntu 4.4.0-112.135-generic 4.4.98)
[    0.000000] Command line: BOOT_IMAGE=/boot/vmlinuz-4.4.0-112-generic root=UUID=b6adc449-5e3d-4331-ba6b-6e99a75fa48e ro console=tty1 console=ttyS0
[    0.000000] KERNEL supported cpus:
[    0.000000]   Intel GenuineIntel
[    0.000000]   AMD AuthenticAMD
[    0.000000]   Centaur CentaurHauls
[    0.000000] x86/fpu: xstate_offset[2]:  576, xstate_sizes[2]:  256
[    0.000000] x86/fpu: Supporting XSAVE feature 0x01: 'x87 floating point registers'
[    0.000000] x86/fpu: Supporting XSAVE feature 0x02: 'SSE registers'
[    0.000000] x86/fpu: Supporting XSAVE feature 0x04: 'AVX registers'
[    0.000000] x86/fpu: Enabled xstate features 0x7, context size is 832 bytes, using 'standard' format.
[    0.000000] x86/fpu: Using 'lazy' FPU context switches.
[    0.000000] e820: BIOS-provided physical RAM map:
[    0.000000] BIOS-e820: [mem 0x0000000000000000-0x000000000009fbff] usable
[    0.000000] BIOS-e820: [mem 0x000000000009fc00-0x000000000009ffff] reserved
[    0.000000] BIOS-e820: [mem 0x00000000000f0000-0x00000000000fffff] reserved
[    0.000000] BIOS-e820: [mem 0x0000000000100000-0x000000007ffeffff] usable
[    0.000000] BIOS-e820: [mem 0x000000007fff0000-0x000000007fffffff] ACPI data
[    0.000000] BIOS-e820: [mem 0x00000000fec00000-0x00000000fec00fff] reserved
[    0.000000] BIOS-e820: [mem 0x00000000fee00000-0x00000000fee00fff] reserved
[    0.000000] BIOS-e820: [mem 0x00000000fffc0000-0x00000000ffffffff] reserved
[    0.000000] NX (Execute Disable) protection: active
[    0.000000] SMBIOS 2.5 present.
[    0.000000] Hypervisor detected: KVM
[    0.000000] e820: last_pfn = 0x7fff0 max_arch_pfn = 0x400000000
[    0.000000] MTRR: Disabled
[    0.000000] x86/PAT: MTRRs disabled, skipping PAT initialization too.
[    0.000000] CPU MTRRs all blank - virtualized system.
[    0.000000] x86/PAT: Configuration [0-7]: WB  WT  UC- UC  WB  WT  UC- UC  
[    0.000000] found SMP MP-table at [mem 0x0009fff0-0x0009ffff] mapped at [ffff88000009fff0]
[    0.000000] Scanning 1 areas for low memory corruption
[    0.000000] RAMDISK: [mem 0x3621e000-0x37106fff]
[    0.000000] ACPI: Early table checksum verification disabled
[    0.000000] ACPI: RSDP 0x00000000000E0000 000024 (v02 VBOX  )
[    0.000000] ACPI: XSDT 0x000000007FFF0030 00003C (v01 VBOX   VBOXXSDT 00000001 ASL  00000061)
[    0.000000] ACPI: FACP 0x000000007FFF00F0 0000F4 (v04 VBOX   VBOXFACP 00000001 ASL  00000061)
[    0.000000] ACPI: DSDT 0x000000007FFF0470 0021FF (v02 VBOX   VBOXBIOS 00000002 INTL 20100528)
[    0.000000] ACPI: FACS 0x000000007FFF0200 000040
[    0.000000] ACPI: FACS 0x000000007FFF0200 000040
[    0.000000] ACPI: APIC 0x000000007FFF0240 00005C (v02 VBOX   VBOXAPIC 00000001 ASL  00000061)
[    0.000000] ACPI: SSDT 0x000000007FFF02A0 0001CC (v01 VBOX   VBOXCPUT 00000002 INTL 20100528)
[    0.000000] No NUMA configuration found
[    0.000000] Faking a node at [mem 0x0000000000000000-0x000000007ffeffff]
[    0.000000] NODE_DATA(0) allocated [mem 0x7ffeb000-0x7ffeffff]
[    0.000000] kvm-clock: Using msrs 4b564d01 and 4b564d00
[    0.000000] kvm-clock: cpu 0, msr 0:7ffe3001, primary cpu clock
[    0.000000] kvm-clock: using sched offset of 764964512360 cycles
[    0.000000] clocksource: kvm-clock: mask: 0xffffffffffffffff max_cycles: 0x1cd42e4dffb, max_idle_ns: 881590591483 ns
[    0.000000] Zone ranges:
[    0.000000]   DMA      [mem 0x0000000000001000-0x0000000000ffffff]
[    0.000000]   DMA32    [mem 0x0000000001000000-0x000000007ffeffff]
[    0.000000]   Normal   empty
[    0.000000]   Device   empty
[    0.000000] Movable zone start for each node
[    0.000000] Early memory node ranges
[    0.000000]   node   0: [mem 0x0000000000001000-0x000000000009efff]
[    0.000000]   node   0: [mem 0x0000000000100000-0x000000007ffeffff]
[    0.000000] Initmem setup node 0 [mem 0x0000000000001000-0x000000007ffeffff]
[    0.000000] ACPI: PM-Timer IO Port: 0x4008
[    0.000000] IOAPIC[0]: apic_id 2, version 32, address 0xfec00000, GSI 0-23
[    0.000000] ACPI: INT_SRC_OVR (bus 0 bus_irq 0 global_irq 2 dfl dfl)
[    0.000000] ACPI: INT_SRC_OVR (bus 0 bus_irq 9 global_irq 9 low level)
[    0.000000] Using ACPI (MADT) for SMP configuration information
[    0.000000] smpboot: Allowing 2 CPUs, 0 hotplug CPUs
[    0.000000] PM: Registered nosave memory: [mem 0x00000000-0x00000fff]
[    0.000000] PM: Registered nosave memory: [mem 0x0009f000-0x0009ffff]
[    0.000000] PM: Registered nosave memory: [mem 0x000a0000-0x000effff]
[    0.000000] PM: Registered nosave memory: [mem 0x000f0000-0x000fffff]
[    0.000000] e820: [mem 0x80000000-0xfebfffff] available for PCI devices
[    0.000000] Booting paravirtualized kernel on KVM
[    0.000000] clocksource: refined-jiffies: mask: 0xffffffff max_cycles: 0xffffffff, max_idle_ns: 7645519600211568 ns
[    0.000000] setup_percpu: NR_CPUS:512 nr_cpumask_bits:512 nr_cpu_ids:2 nr_node_ids:1
[    0.000000] PERCPU: Embedded 34 pages/cpu @ffff88007fc00000 s99544 r8192 d31528 u1048576
[    0.000000] PV qspinlock hash table entries: 256 (order: 0, 4096 bytes)
[    0.000000] Built 1 zonelists in Node order, mobility grouping on.  Total pages: 515961
[    0.000000] Policy zone: DMA32
[    0.000000] Kernel command line: BOOT_IMAGE=/boot/vmlinuz-4.4.0-112-generic root=UUID=b6adc449-5e3d-4331-ba6b-6e99a75fa48e ro console=tty1 console=ttyS0
[    0.000000] PID hash table entries: 4096 (order: 3, 32768 bytes)
[    0.000000] Memory: 2029456K/2096696K available (8499K kernel code, 1309K rwdata, 3988K rodata, 1508K init, 1316K bss, 67240K reserved, 0K cma-reserved)
[    0.000000] SLUB: HWalign=64, Order=0-3, MinObjects=0, CPUs=2, Nodes=1
[    0.000000] Kernel/User page tables isolation: enabled
[    0.000000] Hierarchical RCU implementation.
[    0.000000] 	Build-time adjustment of leaf fanout to 64.
[    0.000000] 	RCU restricting CPUs from NR_CPUS=512 to nr_cpu_ids=2.
[    0.000000] RCU: Adjusting geometry for rcu_fanout_leaf=64, nr_cpu_ids=2
[    0.000000] NR_IRQS:33024 nr_irqs:440 16
[    0.000000] Console: colour VGA+ 80x25
[    0.000000] console [tty1] enabled
[    0.000000] console [ttyS0] enabled
[    0.000000] tsc: Detected 2494.226 MHz processor
[    0.854640] Calibrating delay loop (skipped) preset value.. 4988.45 BogoMIPS (lpj=9976904)
[    0.865871] pid_max: default: 32768 minimum: 301
[    0.872787] ACPI: Core revision 20150930
[    0.883496] ACPI: 2 ACPI AML tables successfully acquired and loaded
[    0.891686] Security Framework initialized
[    0.897089] Yama: becoming mindful.
[    0.902576] AppArmor: AppArmor initialized
[    0.909131] Dentry cache hash table entries: 262144 (order: 9, 2097152 bytes)
[    0.920123] Inode-cache hash table entries: 131072 (order: 8, 1048576 bytes)
[    0.930452] Mount-cache hash table entries: 4096 (order: 3, 32768 bytes)
[    0.939720] Mountpoint-cache hash table entries: 4096 (order: 3, 32768 bytes)
[    0.950087] Initializing cgroup subsys io
[    0.954993] Initializing cgroup subsys memory
[    0.961393] Initializing cgroup subsys devices
[    0.966954] Initializing cgroup subsys freezer
[    0.973345] Initializing cgroup subsys net_cls
[    0.978677] Initializing cgroup subsys perf_event
[    0.985827] Initializing cgroup subsys net_prio
[    0.992501] Initializing cgroup subsys hugetlb
[    0.998426] Initializing cgroup subsys pids
[    1.004435] CPU: Physical Processor ID: 0
[    1.010347] CPU: Processor Core ID: 0
[    1.015259] FEATURE SPEC_CTRL Not Present
[    1.022630] mce: CPU supports 0 MCE banks
[    1.028589] Last level iTLB entries: 4KB 1024, 2MB 1024, 4MB 1024
[    1.036890] Last level dTLB entries: 4KB 1024, 2MB 1024, 4MB 1024, 1GB 4
[    1.057894] Freeing SMP alternatives memory: 32K
[    1.114482] ftrace: allocating 32180 entries in 126 pages
[    1.353697] smpboot: APIC(0) Converting physical 0 to logical package 0
[    1.360953] smpboot: Max logical packages: 1
[    1.367746] x2apic enabled
[    1.373137] Switched APIC routing to physical x2apic.
[    1.384315] ..TIMER: vector=0x30 apic1=0 pin1=2 apic2=-1 pin2=-1
[    1.497346] smpboot: CPU0: Intel(R) Core(TM) i5-4300U CPU @ 1.90GHz (family: 0x6, model: 0x45, stepping: 0x1)
[    1.509949] Performance Events: unsupported p6 CPU model 69 no PMU driver, software events only.
[    1.521165] KVM setup paravirtual spinlock
[    1.528402] x86: Booting SMP configuration:
[    1.534462] .... node  #0, CPUs:      #1
[    1.539682] kvm-clock: cpu 1, msr 0:7ffe3041, secondary cpu clock
[    1.546675] mce: CPU supports 0 MCE banks
[    1.553656] x86: Booted up 1 node, 2 CPUs
[    1.559540] smpboot: Total of 2 processors activated (9976.90 BogoMIPS)
[    1.568968] devtmpfs: initialized
[    1.590265] evm: security.selinux
[    1.594697] evm: security.SMACK64
[    1.598912] evm: security.SMACK64EXEC
[    1.603712] evm: security.SMACK64TRANSMUTE
[    1.608681] evm: security.SMACK64MMAP
[    1.613218] evm: security.ima
[    1.617385] evm: security.capability
[    1.622512] clocksource: jiffies: mask: 0xffffffff max_cycles: 0xffffffff, max_idle_ns: 7645041785100000 ns
[    1.633201] futex hash table entries: 512 (order: 3, 32768 bytes)
[    1.640290] pinctrl core: initialized pinctrl subsystem
[    1.646415] RTC time:  6:55:22, date: 03/26/18
[    1.652277] NET: Registered protocol family 16
[    1.667762] cpuidle: using governor ladder
[    1.683406] cpuidle: using governor menu
[    1.693220] PCCT header not found.
[    1.697876] ACPI: bus type PCI registered
[    1.703037] acpiphp: ACPI Hot Plug PCI Controller Driver version: 0.5
[    1.710693] PCI: Using configuration type 1 for base access
[    1.735143] ACPI: Added _OSI(Module Device)
[    1.740434] ACPI: Added _OSI(Processor Device)
[    1.745745] ACPI: Added _OSI(3.0 _SCP Extensions)
[    1.751361] ACPI: Added _OSI(Processor Aggregator Device)
[    1.760816] ACPI: Executed 1 blocks of module-level executable AML code
[    1.776750] ACPI: Interpreter enabled
[    1.781720] ACPI: (supports S0 S5)
[    1.786694] ACPI: Using IOAPIC for interrupt routing
[    1.793846] PCI: Using host bridge windows from ACPI; if necessary, use "pci=nocrs" and report a bug
[    1.830939] ACPI: PCI Root Bridge [PCI0] (domain 0000 [bus 00-ff])
[    1.838914] acpi PNP0A03:00: _OSC: OS supports [ASPM ClockPM Segments MSI]
[    1.846539] acpi PNP0A03:00: _OSC: not requesting OS control; OS requires [ExtendedConfig ASPM ClockPM MSI]
[    1.858061] acpi PNP0A03:00: fail to add MMCONFIG information, can't access extended PCI configuration space under this bridge.
[    1.877717] PCI host bridge to bus 0000:00
[    1.883079] pci_bus 0000:00: root bus resource [io  0x0000-0x0cf7 window]
[    1.890835] pci_bus 0000:00: root bus resource [io  0x0d00-0xffff window]
[    1.906168] pci_bus 0000:00: root bus resource [mem 0x000a0000-0x000bffff window]
[    1.915625] pci_bus 0000:00: root bus resource [mem 0x80000000-0xfdffffff window]
[    1.925299] pci_bus 0000:00: root bus resource [bus 00-ff]
[    1.942296] pci 0000:00:01.1: legacy IDE quirk: reg 0x10: [io  0x01f0-0x01f7]
[    1.950070] pci 0000:00:01.1: legacy IDE quirk: reg 0x14: [io  0x03f6]
[    1.957302] pci 0000:00:01.1: legacy IDE quirk: reg 0x18: [io  0x0170-0x0177]
[    1.965112] pci 0000:00:01.1: legacy IDE quirk: reg 0x1c: [io  0x0376]
[    2.032655] pci 0000:00:07.0: quirk: [io  0x4000-0x403f] claimed by PIIX4 ACPI
[    2.088853] pci 0000:00:07.0: quirk: [io  0x4100-0x410f] claimed by PIIX4 SMB
[    2.139019] ACPI: PCI Interrupt Link [LNKA] (IRQs 5 9 10 *11)
[    2.149166] ACPI: PCI Interrupt Link [LNKB] (IRQs 5 9 *10 11)
[    2.158849] ACPI: PCI Interrupt Link [LNKC] (IRQs 5 *9 10 11)
[    2.168967] ACPI: PCI Interrupt Link [LNKD] (IRQs 5 9 10 *11)
[    2.178519] ACPI: Enabled 2 GPEs in block 00 to 07
[    2.186037] vgaarb: setting as boot device: PCI:0000:00:02.0
[    2.192437] vgaarb: device added: PCI:0000:00:02.0,decodes=io+mem,owns=io+mem,locks=none
[    2.202342] vgaarb: loaded
[    2.206418] vgaarb: bridge control possible 0000:00:02.0
[    2.213384] SCSI subsystem initialized
[    2.218538] ACPI: bus type USB registered
[    2.223497] usbcore: registered new interface driver usbfs
[    2.229594] usbcore: registered new interface driver hub
[    2.235760] usbcore: registered new device driver usb
[    2.242416] PCI: Using ACPI for IRQ routing
[    2.249033] NetLabel: Initializing
[    2.253740] NetLabel:  domain hash size = 128
[    2.258903] NetLabel:  protocols = UNLABELED CIPSOv4
[    2.264876] NetLabel:  unlabeled traffic allowed by default
[    2.271877] amd_nb: Cannot enumerate AMD northbridges
[    2.277645] clocksource: Switched to clocksource kvm-clock
[    2.303660] AppArmor: AppArmor Filesystem Enabled
[    2.309443] pnp: PnP ACPI init
[    2.317349] pnp: PnP ACPI: found 3 devices
[    2.346366] clocksource: acpi_pm: mask: 0xffffff max_cycles: 0xffffff, max_idle_ns: 2085701024 ns
[    2.356963] NET: Registered proocol family 2

[    2.443491] TCP established hash table entries: 16384 (order: 5, 131072 bytes)
[    2.452330] TCP bind hash table entries: 16384 (order: 6, 262144 bytes)
[    2.459670] TCP: Hash tables configured (established 16384 bind 16384)
[    2.466657] UDP hash table entries: 1024 (order: 3, 32768 bytes)
[    2.473444] UDP-Lite hash table entries: 1024 (order: 3, 32768 bytes)
[    2.482794] NET: Registered protocol family 1
[    2.489450] pci 0000:00:00.0: Limiting direct PCI/PCI transfers
[    2.497236] pci 0000:00:01.0: Activating ISA DMA hang workarounds
[    2.505264] Unpacking initramfs...
[    3.128500] Freeing initrd memory: 15268K
[    3.135747] RAPL PMU detected, API unit is 2^-32 Joules, 4 fixed counters 10737418240 ms ovfl timer
[    3.147901] hw unit of domain pp0-core 2^-0 Joules
[    3.154741] hw unit of domain package 2^-0 Joules
[    3.160886] hw unit of domain dram 2^-0 Joules
[    3.167072] hw unit of domain pp1-gpu 2^-0 Joules
[    3.173662] platform rtc_cmos: registered platform RTC device (no PNP device found)
[    3.184573] Scanning for low memory corruption every 60 seconds
[    3.193476] audit: initializing netlink subsys (disabled)
[    3.201214] audit: type=2000 audit(1522048089.162:1): initialized
[    3.208898] Initialise system trusted keyring
[    3.215155] HugeTLB registered 2 MB page size, pre-allocated 0 pages
[    3.227073] zbud: loaded
[    3.231387] VFS: Disk quotas dquot_6.6.0
[    3.236671] VFS: Dquot-cache hash table entries: 512 (order 0, 4096 bytes)
[    3.245034] squashfs: version 4.0 (2009/01/31) Phillip Lougher
[    3.252556] fuse init (API version 7.23)
[    3.266644] Key type big_key registered
[    3.271626] Allocating IMA MOK and blacklist keyrings.
[    3.281803] Key type asymmetric registered
[    3.287217] Asymmetric key parser 'x509' registered
[    3.293173] Block layer SCSI generic (bsg) driver version 0.4 loaded (major 249)
[    3.302457] io scheduler noop registered
[    3.307207] io scheduler deadline registered (default)
[    3.313053] io scheduler cfq registered
[    3.318272] pci_hotplug: PCI Hot Plug PCI Core version: 0.5
[    3.324380] pciehp: PCI Express Hot Plug Controller Driver version: 0.4
[    3.331850] ACPI: AC Adapter [AC] (on-line)
[    3.337123] input: Power Button as /devices/LNXSYSTM:00/LNXPWRBN:00/input/input0
[    3.345897] ACPI: Power Button [PWRF]
[    3.350907] input: Sleep Button as /devices/LNXSYSTM:00/LNXSLPBN:00/input/input1
[    3.359599] ACPI: Sleep Button [SLPF]
[    3.365261] GHES: HEST is not enabled!
[    3.368829] ACPI: Battery Slot [BAT0] (battery present)
[    3.376394] Serial: 8250/16550 driver, 32 ports, IRQ sharing enabled
[    3.420113] 00:02: ttyS0 at I/O 0x3f8 (irq = 4, base_baud = 115200) is a 16550A
[    3.438373] Linux agpgart interface v0.103
[    3.449373] loop: module loaded
[    3.455738] scsi host0: ata_piix
[    3.460485] scsi host1: ata_piix
[    3.464775] ata1: PATA max UDMA/33 cmd 0x1f0 ctl 0x3f6 bmdma 0xd000 irq 14
[    3.472296] ata2: PATA max UDMA/33 cmd 0x170 ctl 0x376 bmdma 0xd008 irq 15
[    3.482011] libphy: Fixed MDIO Bus: probed
[    3.487066] tun: Universal TUN/TAP device driver, 1.6
[    3.492785] tun: (C) 1999-2004 Max Krasnyansky <maxk@qualcomm.com>
[    3.499891] PPP generic driver version 2.4.2
[    3.505781] ehci_hcd: USB 2.0 'Enhanced' Host Controller (EHCI) Driver
[    3.512662] ehci-pci: EHCI PCI platform driver
[    3.517968] ehci-platform: EHCI generic platform driver
[    3.524021] ohci_hcd: USB 1.1 'Open' Host Controller (OHCI) Driver
[    3.531326] ohci-pci: OHCI PCI platform driver
[    3.537189] ohci-platform: OHCI generic platform driver
[    3.543496] uhci_hcd: USB Universal Host Controller Interface driver
[    3.550793] i8042: PNP: PS/2 Controller [PNP0303:PS2K,PNP0f03:PS2M] at 0x60,0x64 irq 1,12
[    3.562632] serio: i8042 KBD port at 0x60,0x64 irq 1
[    3.569278] serio: i8042 AUX port at 0x60,0x64 irq 12
[    3.576716] mousedev: PS/2 mouse device common for all mice
[    3.584967] input: AT Translated Set 2 keyboard as /devices/platform/i8042/serio0/input/input2
[    3.595193] rtc_cmos rtc_cmos: rtc core: registered rtc_cmos as rtc0
[    3.595433] rtc_cmos rtc_cmos: alarms up to one day, 114 bytes nvram
[    3.595448] i2c /dev entries driver
[    3.595579] device-mapper: uevent: version 1.0.3
[    3.595700] device-mapper: ioctl: 4.34.0-ioctl (2015-10-28) initialised: dm-devel@redhat.com
[    3.595739] ledtrig-cpu: registered to indicate activity on CPUs
[    3.596501] NET: Registered protocol family 10
[    3.596836] NET: Registered protocol family 17
[    3.596852] Key type dns_resolver registered
[    3.603994] microcode: CPU0 sig=0x40651, pf=0x40, revision=0x0
[    3.604039] microcode: CPU1 sig=0x40651, pf=0x40, revision=0x0
[    3.604154] microcode: Microcode Update Driver: v2.01 <tigran@aivazian.fsnet.co.uk>, Peter Oruba
[    3.604493] registered taskstats version 1
[    3.604526] Loading compiled-in X.509 certificates
[    3.606225] Loaded X.509 cert 'Build time autogenerated kernel key: 4c603087bab8f0a02cb3b4e1fb4c40f507e71ef1'
[    3.606261] zswap: loaded using pool lzo/zbud
[    3.610378] Key type trusted registered
[    3.618350] Key type encrypted registered
[    3.618456] AppArmor: AppArmor sha1 policy hashing enabled
[    3.618469] ima: No TPM chip found, activating TPM-bypass!
[    3.618516] evm: HMAC attrs: 0x1
[    3.620061]   Magic number: 10:460:924
[    3.620816] rtc_cmos rtc_cmos: setting system clock to 2018-03-26 06:55:24 UTC (1522047324)
[    3.621134] BIOS EDD facility v0.16 2004-Jun-25, 0 devices found
[    3.621135] EDD information not available.
[    3.793464] Freeing unused kernel memory: 1508K
[    3.799982] Write protecting the kernel read-only data: 14336k
[    3.808371] Freeing unused kernel memory: 1728K
[    3.814559] Freeing unused kernel memory: 108K
Loading, please wait...
starting version 229
[    3.860104] random: systemd-udevd: uninitialized urandom read (16 bytes read, 3 bits of entropy available)
[    3.862852] random: udevadm: uninitialized urandom read (16 bytes read, 3 bits of entropy available)
[    3.862900] random: udevadm: uninitialized urandom read (16 bytes read, 3 bits of entropy available)
[    3.889055] random: udevadm: uninitialized urandom read (16 bytes read, 3 bits of entropy available)
[    3.889142] random: udevadm: uninitialized urandom read (16 bytes read, 3 bits of entropy available)
[    3.889965] random: udevadm: uninitialized urandom read (16 bytes read, 3 bits of entropy available)
[    3.890101] random: udevadm: uninitialized urandom read (16 bytes read, 3 bits of entropy available)
[    3.890379] random: udevadm: uninitialized urandom read (16 bytes read, 3 bits of entropy available)
[    3.890505] random: udevadm: uninitialized urandom read (16 bytes read, 3 bits of entropy available)
[    3.890625] random: udevadm: uninitialized urandom read (16 bytes read, 3 bits of entropy available)
[    4.101510] e1000: Intel(R) PRO/1000 Network Driver - version 7.3.21-k8-NAPI
[    4.109698] e1000: Copyright (c) 1999-2006 Intel Corporation.
[    4.121989] Fusion MPT base driver 3.04.20
[    4.137934] Copyright (c) 1999-2008 LSI Corporation
[    4.219151] AVX2 version of gcm_enc/dec engaged.
[    4.222471] Fusion MPT SPI Host driver 3.04.20
[    4.243377] AES CTR mode by8 optimization enabled
[    4.368829] input: ImExPS/2 Generic Explorer Mouse as /devices/platform/i8042/serio1/input/input4
[    4.967077] e1000 0000:00:03.0 eth0: (PCI:33MHz:32-bit) 02:1f:2a:60:99:e3
[    4.975389] e1000 0000:00:03.0 eth0: Intel(R) PRO/1000 Network Connection
[    5.813857] e1000 0000:00:08.0 eth1: (PCI:33MHz:32-bit) 08:00:27:b3:8a:04
[    5.830086] e1000 0000:00:08.0 eth1: Intel(R) PRO/1000 Network Connection
[    5.844406] e1000 0000:00:03.0 enp0s3: renamed from eth0
[    5.850031] mptbase: ioc0: Initiating bringup
[    5.866365] e1000 0000:00:08.0 enp0s8: renamed from eth1
[    5.907133] ioc0: LSI53C1030 A0: Capabilities={Initiator}
[    6.100730] scsi host2: ioc0: LSI53C1030 A0, FwRev=00000000h, Ports=1, MaxQ=256, IRQ=20
[    6.231339] scsi 2:0:0:0: Direct-Access     VBOX     HARDDISK         1.0  PQ: 0 ANSI: 5
[    6.246316] scsi target2:0:0: Beginning Domain Validation
[    6.312217] scsi target2:0:0: Domain Validation skipping write tests
[    6.319340] scsi target2:0:0: Ending Domain Validation
[    6.330420] scsi target2:0:0: asynchronous
[    6.338063] scsi 2:0:1:0: Direct-Access     VBOX     HARDDISK         1.0  PQ: 0 ANSI: 5
[    6.349889] scsi target2:0:1: Beginning Domain Validation
[    6.359816] scsi target2:0:1: Domain Validation skipping write tests
[    6.969108] scsi target2:0:1: Ending Domain Validation
[    6.975879] scsi target2:0:1: asynchronous
[    7.000559] sd 2:0:0:0: Attached scsi generic sg0 type 0
[    7.008980] sd 2:0:1:0: Attached scsi generic sg1 type 0
[    7.009353] sd 2:0:0:0: [sda] 20971520 512-byte logical blocks: (10.7 GB/10.0 GiB)
[    7.029869] sd 2:0:1:0: [sdb] 20480 512-byte logical blocks: (10.5 MB/10.0 MiB)
[    7.040077] sd 2:0:0:0: [sda] Write Protect is off
[    7.046372] sd 2:0:0:0: [sda] Incomplete mode parameter data
[    7.046427] sd 2:0:1:0: [sdb] Write Protect is off
[    7.059785] sd 2:0:0:0: [sda] Assuming drive cache: write through
[    7.059831] sd 2:0:1:0: [sdb] Incomplete mode parameter data
[    7.059835] sd 2:0:1:0: [sdb] Assuming drive cache: write through
[    7.087644]  sda: sda1
[    7.099099] sd 2:0:0:0: [sda] Attached SCSI disk
[    7.099420] sd 2:0:1:0: [sdb] Attached SCSI disk
[    7.118182] floppy0: no floppy controllers found
Begin: Loading essential drivers ... [    9.773849] md: linear personality registered for level -1
[    9.786074] md: multipath personality registered for level -4
[    9.798704] md: raid0 personality registered for level 0
[    9.811872] md: raid1 personality registered for level 1
[    9.893992] raid6: sse2x1   gen()  2247 MB/s
[    9.966347] raid6: sse2x1   xor()  1574 MB/s
[   10.037721] raid6: sse2x2   gen()  3796 MB/s
[   10.110081] raid6: sse2x2   xor()  2266 MB/s
[   10.178511] raid6: sse2x4   gen()  5781 MB/s
[   10.249858] raid6: sse2x4   xor()  3380 MB/s
[   10.322198] raid6: avx2x1   gen()  5022 MB/s
[   10.394557] raid6: avx2x2   gen()  9511 MB/s
[   10.465907] raid6: avx2x4   gen() 10947 MB/s
[   10.471198] raid6: using algorithm avx2x4 gen() 10947 MB/s
[   10.477243] raid6: using avx2x2 recovery algorithm
[   10.485711] xor: automatically using best checksumming function:
[   10.530000]    avx       : 11079.000 MB/sec
[   10.538009] async_tx: api initialized (async)
[   10.561566] md: raid6 personality registered for level 6
[   10.582458] md: raid5 personality registered for level 5
[   10.588577] md: raid4 personality registered for level 4
[   10.606947] md: raid10 personality registered for level 10
done.
Begin: Running /scripts/init-premount ... done.
Begin: Mounting root file system ... Begin: Running /scripts/local-top ... done.
Begin: Running /scripts/local-premount ... [   10.706880] Btrfs loaded
Scanning for Btrfs filesystems
done.
Warning: fsck not present, so skipping root file system
[   10.784380] EXT4-fs (sda1): mounted filesystem with ordered data mode. Opts: (null)
done.
Begin: Running /scripts/local-bottom ... done.
Begin: Running /scripts/init-bottom ... done.
[   11.026438] systemd[1]: systemd 229 running in system mode. (+PAM +AUDIT +SELINUX +IMA +APPARMOR +SMACK +SYSVINIT +UTMP +LIBCRYPTSETUP +GCRYPT +GNUTLS +ACL +XZ -LZ4 +SECCOMP +BLKID +ELFUTILS +KMOD -IDN)
[   11.045855] systemd[1]: Detected virtualization oracle.
[   11.052054] systemd[1]: Detected architecture x86-64.

Welcome to [1mUbuntu 16.04.4 LTS[0m!

[   11.067176] systemd[1]: Set hostname to <docker>.
[   11.386686] systemd[1]: Started Trigger resolvconf update for networkd DNS.
[[0;32m  OK  [0m] Started Trigger resolvconf update for networkd DNS.
[   11.401237] systemd[1]: Reached target User and Group Name Lookups.
[[0;32m  OK  [0m] Reached target User and Group Name Lookups.
[   11.414813] systemd[1]: Listening on udev Kernel Socket.
[[0;32m  OK  [0m] Listening on udev Kernel Socket.
[   11.427027] systemd[1]: Listening on Syslog Socket.
[[0;32m  OK  [0m] Listening on Syslog Socket.
[   11.438545] systemd[1]: Reached target Swap.
[[0;32m  OK  [0m] Reached target Swap.
[   11.448945] systemd[1]: Listening on LVM2 poll daemon socket.
[[0;32m  OK  [0m] Listening on LVM2 poll daemon socket.
[   11.461585] systemd[1]: Set up automount Arbitrary Executable File Formats File System Automount Point.
[[0;32m  OK  [0m] Set up automount Arbitrary Executab...ats File System Automount Point.
[   11.480059] systemd[1]: Listening on udev Control Socket.
[[0;32m  OK  [0m] Listening on udev Control Socket.
[   11.492085] systemd[1]: Listening on /dev/initctl Compatibility Named Pipe.
[[0;32m  OK  [0m] Listening on /dev/initctl Compatibility Named Pipe.
[   11.506138] systemd[1]: Started Forward Password Requests to Wall Directory Watch.
[[0;32m  OK  [0m] Started Forward Password Requests to Wall Directory Watch.
[   11.523156] systemd[1]: Created slice User and Session Slice.
[[0;32m  OK  [0m] Created slice User and Session Slice.
[   11.536319] systemd[1]: Created slice System Slice.
[[0;32m  OK  [0m] Created slice System Slice.
[   11.547507] systemd[1]: Reached target Slices.
[[0;32m  OK  [0m] Reached target Slices.
[   11.558436] systemd[1]: Created slice system-serial\x2dgetty.slice.
[[0;32m  OK  [0m] Created slice system-serial\x2dgetty.slice.
[   11.571965] systemd[1]: Listening on Journal Audit Socket.
[[0;32m  OK  [0m] Listening on Journal Audit Socket.
[   11.584240] systemd[1]: Reached target Encrypted Volumes.
[[0;32m  OK  [0m] Reached target Encrypted Volumes.
[   11.595926] systemd[1]: Listening on LVM2 metadata daemon socket.
[[0;32m  OK  [0m] Listening on LVM2 metadata daemon socket.
[   11.609132] systemd[1]: Listening on Journal Socket (/dev/log).
[[0;32m  OK  [0m] Listening on Journal Socket (/dev/log).
[   11.621714] systemd[1]: Listening on Device-mapper event daemon FIFOs.
[[0;32m  OK  [0m] Listening on Device-mapper event daemon FIFOs.
[   11.635561] systemd[1]: Listening on Journal Socket.
[[0;32m  OK  [0m] Listening on Journal Socket.
[   11.662775] systemd[1]: Starting Nameserver information manager...
         Starting Nameserver information manager...
[   11.684040] systemd[1]: Mounting Debug File System...
         Mounting Debug File System...
[   11.697486] systemd[1]: Starting Create list of required static device nodes for the current kernel...
         Starting Create list of required st... nodes for the current kernel...
[   11.718123] systemd[1]: Mounting POSIX Message Queue File System...
         Mounting POSIX Message Queue File System...
[   11.735444] systemd[1]: Starting Load Kernel Modules...
         Starting Load Kernel Modules...
[   11.748962] systemd[1]: Starting Set console keymap...
[   11.763809] Loading iSCSI transport class v2.0-870.
         Starting Set console keymap...
[   11.780121] systemd[1]: Starting Uncomplicated firewall...
         Starting Uncomplicated firewall...
[   11.797295] iscsi: registered transport (tcp)
[   11.799064] systemd[1]: Starting Journal Service...
         Starting Journal Service...
[   11.821730] systemd[1]: Starting Monitoring of LVM2 mirrors, snapshots etc. using dmeventd or progress polling...
         Starting Monitoring of LVM2 mirrors... dmeventd or progress polling...
[   11.886561] systemd[1]: Mounting Huge Pages File System...
         Mounting Huge Pages File System...
[   11.927378] systemd[1]: Starting Remount Root and Kernel File Systems...
         Starting Remount Root and Kernel File Systems...
[   11.953238] systemd[1]: Mounted Huge Pages File System.
[   11.957731] EXT4-fs (sda1): re-mounted. Opts: (null)
[[0;32m  OK  [0m] Mounted Huge Pages File System.
[   11.979832] systemd[1]: Mounted Debug File System.
[[0;32m  OK  [0m] Mounted Debug File System.[   11.995049] iscsi: registered transport (iser)

[   12.002501] systemd[1]: Mounted POSIX Message Queue File System.
[[0;32m  OK  [0m] Mounted POSIX Message Queue File System.
[   12.023635] systemd[1]: Started Journal Service.
[[0;32m  OK  [0m] Started Journal Service.
[[0;32m  OK  [0m] Started Create list of required sta...ce nodes for the current kernel.
[[0;32m  OK  [0m] Started Load Kernel Modules.
[[0;32m  OK  [0m] Started Set console keymap.
[[0;32m  OK  [0m] Started Uncomplicated firewall.
[[0;32m  OK  [0m] Started Remount Root and Kernel File Systems.
[[0;32m  OK  [0m] Started Nameserver information manager.
[   12.162405] random: nonblocking pool is initialized
[[0;32m  OK  [0m] Started LVM2 metadata daemon.
         Starting Load/Save Random Seed...
         Starting udev Coldplug all Devices...
         Starting Initial cloud-init job (pre-networking)...
         Starting Apply Kernel Variables...
         Mounting FUSE Control File System...
         Starting Create Static Device Nodes in /dev...
         Starting Flush Journal to Persistent Storage...
[[0;32m  OK  [0m] Mounted FUSE Control File System.
[[0;32m  OK  [0m] Started Load/Save Random Seed.
[[0;32m  OK  [0m] Started Apply Kernel Variables.
[[0;32m  OK  [0m] Started Create Static Device Nodes in /dev.
[[0;32m  OK  [0m] Started udev Coldplug all Devices.
[[0;32m  OK  [0m] Started Flush Journal to Persistent Storage.
         Starting udev Kernel Device Manager...
[[0;32m  OK  [0m] Started udev Kernel Device Manager.
[[0;32m  OK  [0m] Started Dispatch Password Requests to Console Directory Watch.
[[0;32m  OK  [0m] Started Monitoring of LVM2 mirrors,...ng dmeventd or progress polling.
[[0;32m  OK  [0m] Reached target Local File Systems (Pre).
[[0;32m  OK  [0m] Reached target Local File Systems.
         Starting Tell Plymouth To Write Out Runtime Data...
         Starting Set console font and keymap...
         Starting LSB: AppArmor initialization...
         Starting Create Volatile Files and Directories...
[[0;32m  OK  [0m] Started Tell Plymouth To Write Out Runtime Data.
[[0;32m  OK  [0m] Started Create Volatile Files and Directories.
[[0;32m  OK  [0m] Reached target System Time Synchronized.
         Starting Update UTMP about System Boot/Shutdown...
[[0;32m  OK  [0m] Started Update UTMP about System Boot/Shutdown.
[[0;32m  OK  [0m] Started LSB: AppArmor initialization.
[[0;32m  OK  [0m] Found device /dev/ttyS0.
[[0;32m  OK  [0m] Found device 82540EM Gigabit Ethern...r (PRO/1000 MT Desktop Adapter).
[[0;32m  OK  [0m] Found device 82540EM Gigabit Ethern...r (PRO/1000 MT Desktop Adapter).
[[0;32m  OK  [0m] Listening on Load/Save RF Kill Switch Status /dev/rfkill Watch.
[   13.524088] cloud-init[468]: Cloud-init v. 17.2 running 'init-local' at Mon, 26 Mar 2018 06:55:35 +0000. Up 12.80 seconds.
[[0;32m  OK  [0m] Started Initial cloud-init job (pre-networking).
[[0;32m  OK  [0m] Reached target Network (Pre).
         Starting Raise network interfaces...
[[0;32m  OK  [0m] Started ifup for enp0s3.
[[0;32m  OK  [0m] Started ifup for enp0s8.
[[0;32m  OK  [0m] Started Set console font and keymap.
[[0;32m  OK  [0m] Created slice system-getty.slice.
[[0;32m  OK  [0m] Started Raise network interfaces.
         Starting Initial cloud-init job (metadata service crawler)...
[[0;32m  OK  [0m] Reached target Network.
[   17.989782] cloud-init[1076]: Cloud-init v. 17.2 running 'init' at Mon, 26 Mar 2018 06:55:39 +0000. Up 17.22 seconds.
[   17.999834] cloud-init[1076]: ci-info: ++++++++++++++++++++++++++++++++++++++Net device info++++++++++++++++++++++++++++++++++++++
[   18.010644] cloud-init[1076]: ci-info: +--------+------+-----------------------------+---------------+-------+-------------------+
[   18.021660] cloud-init[1076]: ci-info: | Device |  Up  |           Address           |      Mask     | Scope |     Hw-Address    |
[   18.035255] cloud-init[1076]: ci-info: +--------+------+-----------------------------+---------------+-------+-------------------+
[   18.046250] cloud-init[1076]: ci-info: | enp0s3 | True |          10.0.2.15          | 255.255.255.0 |   .   | 02:1f:2a:60:99:e3 |
[   18.059053] cloud-init[1076]: ci-info: | enp0s3 | True |  fe80::1f:2aff:fe60:99e3/64 |       .       |  link | 02:1f:2a:60:99:e3 |
[   18.070449] cloud-init[1076]: ci-info: | enp0s8 | True |        192.168.60.101       | 255.255.255.0 |   .   | 08:00:27:b3:8a:04 |
[   18.081893] cloud-init[1076]: ci-info: | enp0s8 | True | fe80::a00:27ff:feb3:8a04/64 |       .       |  link | 08:00:27:b3:8a:04 |
[   18.093009] cloud-init[1076]: ci-info: |   lo   | True |          127.0.0.1          |   255.0.0.0   |   .   |         .         |
[   18.103955] cloud-init[1076]: ci-info: |   lo   | True |           ::1/128           |       .       |  host |         .         |
[   18.115179] cloud-init[1076]: ci-info: +--------+------+-----------------------------+---------------+-------+-------------------+
[   18.126021] cloud-init[1076]: ci-info: ++++++++++++++++++++++++++++Route IPv4 info++++++++++++++++++++++++++++
[   18.147224] cloud-init[1076]: ci-info: +-------+--------------+----------+---------------+-----------+-------+
[   18.157323] cloud-init[1076]: ci-info: | Route | Destination  | Gateway  |    Genmask    | Interface | Flags |
[   18.167245] cloud-init[1076]: ci-info: +-------+--------------+----------+---------------+-----------+-------+
[   18.177173] cloud-init[1076]: ci-info: |   0   |   0.0.0.0    | 10.0.2.2 |    0.0.0.0    |   enp0s3  |   UG  |
[   18.189022] cloud-init[1076]: ci-info: |   1   |   10.0.2.0   | 0.0.0.0  | 255.255.255.0 |   enp0s3  |   U   |
[   18.199416] cloud-init[1076]: ci-info: |   2   | 192.168.60.0 | 0.0.0.0  | 255.255.255.0 |   enp0s8  |   U   |
[   18.209200] cloud-init[1076]: ci-info: +-------+--------------+----------+---------------+-----------+-------+
[[0;32m  OK  [0m] Started Initial cloud-init job (metadata service crawler).
[[0;32m  OK  [0m] Reached target System Initialization.
         Starting Docker Socket for the API.
[[0;32m  OK  [0m] Listening on ACPID Listen Socket.
[[0;32m  OK  [0m] Started ACPI Events Check.
[[0;32m  OK  [0m] Reached target Paths.
[[0;32m  OK  [0m] Started Daily Cleanup of Temporary Directories.
[[0;32m  OK  [0m] Started Daily apt download activities.
[[0;32m  OK  [0m] Listening on D-Bus System Message Bus Socket.
[[0;32m  OK  [0m] Started Daily apt upgrade and clean activities.
[[0;32m  OK  [0m] Started Timer to automatically refresh installed snaps.
         Starting Socket activation for snappy daemon.
         Starting LXD - unix socket.
[[0;32m  OK  [0m] Listening on UUID daemon activation socket.
[[0;32m  OK  [0m] Reached target Timers.
[[0;32m  OK  [0m] Reached target Network is Online.
         Starting iSCSI initiator daemon (iscsid)...
[[0;32m  OK  [0m] Reached target Cloud-config availability.
[[0;32m  OK  [0m] Listening on Docker Socket for the API.
[[0;32m  OK  [0m] Listening on Socket activation for snappy daemon.
[[0;32m  OK  [0m] Listening on LXD - unix socket.
[[0;32m  OK  [0m] Started iSCSI initiator daemon (iscsid).
         Starting Login to default iSCSI targets...
[[0;32m  OK  [0m] Reached target Sockets.
[[0;32m  OK  [0m] Reached target Basic System.
         Starting OpenBSD Secure Shell server...
         Starting System Logging Service...
[[0;32m  OK  [0m] Started FUSE filesystem for LXC.
[[0;32m  OK  [0m] Started Unattended Upgrades Shutdown.
[[0;32m  OK  [0m] Started ACPI event daemon.
         Starting Apply the settings specified in cloud-config...
[[0;32m  OK  [0m] Started D-Bus System Message Bus.
         Starting LSB: MD monitoring daemon...
         Starting Login Service...
         Starting Snappy daemon...
[[0;32m  OK  [0m] Started Deferred execution scheduler.
         Starting LXD - container startup/shutdown...
         Starting /etc/rc.local Compatibility...
         Starting Accounts Service...
[[0;32m  OK  [0m] Started Regular background program processing daemon.
         Starting LSB: Record successful boot for GRUB...
         Starting Docker Application Container Engine...
[[0;32m  OK  [0m] Started System Logging Service.
[[0;32m  OK  [0m] Started OpenBSD Secure Shell server.
[[0;32m  OK  [0m] Started /etc/rc.local Compatibility.
[[0;32m  OK  [0m] Started Login to default iSCSI targets.
[[0;32m  OK  [0m] Started LSB: MD monitoring daemon.
[[0;32m  OK  [0m] Started LXD - container startup/shutdown.
[[0;32m  OK  [0m] Started LSB: Record successful boot for GRUB.
[[0;32m  OK  [0m] Started Login Service.
         Starting Authenticate and Authorize Users to Run Privileged Tasks...
[[0;32m  OK  [0m] Reached target Remote File Systems (Pre).
[[0;32m  OK  [0m] Reached target Remote File Systems.
         Starting LSB: daemon to balance interrupts for SMP systems...
         Starting LSB: automatic crash report generation...
         Starting Permit User Sessions...
         Starting LSB: Set the CPU Frequency Scaling governor to "ondemand"...
         Starting LSB: VirtualBox Linux Additions...
[[0;32m  OK  [0m] Started Snappy daemon.
[[0;32m  OK  [0m] Started Permit User Sessions.
[[0;32m  OK  [0m] Started Authenticate and Authorize Users to Run Privileged Tasks.
[[0;32m  OK  [0m] Started Accounts Service.
         Starting Terminate Plymouth Boot Screen...
         Starting Hold until boot process finishes up...
[[0;32m  OK  [0m] Started Terminate Plymouth Boot Screen.
[[0;32m  OK  [0m] Started Hold until boot process finishes up.
[[0;32m  OK  [0m] Started LSB: Set the CPU Frequency Scaling governor to "ondemand".
[[0;32m  OK  [0m] Started Serial Getty on ttyS0.
         Starting Set console scheme...
[[0;32m  OK  [0m] Started Getty on tty1.
[[0;32m  OK  [0m] Reached target Login Prompts.
[[0;32m  OK  [0m] Started LSB: automatic crash report generation.
[[0;32m  OK  [0m] Started LSB: daemon to balance interrupts for SMP systems.
[[0;32m  OK  [0m] Started Set console scheme.
[[0;32m  OK  [0m] Started LSB: VirtualBox Linux Additions.
[   20.875548] cloud-init[1147]: Cloud-init v. 17.2 running 'modules:config' at Mon, 26 Mar 2018 06:55:42 +0000. Up 20.39 seconds.
[[0;32m  OK  [0m] Started Apply the settings specified in cloud-config.
[[0;32m  OK  [0m] Started Docker Application Container Engine.
[[0;32m  OK  [0m] Reached target Multi-User System.
         Starting Execute cloud user/final scripts...
[[0;32m  OK  [0m] Reached target Graphical Interface.
         Starting Update UTMP about System Runlevel Changes...
[[0;32m  OK  [0m] Started Update UTMP about System Runlevel Changes.
[   22.475719] cloud-init[1483]: Cloud-init v. 17.2 running 'modules:final' at Mon, 26 Mar 2018 06:55:44 +0000. Up 22.02 seconds.
[   22.491264] cloud-init[1483]: Cloud-init v. 17.2 finished at Mon, 26 Mar 2018 06:55:44 +0000. Datasource DataSourceNoCloud [seed=/dev/sdb][dsmode=net].  Up 22.45 seconds
[[0;32m  OK  [0m] Started Execute cloud user/final scripts.
[[0;32m  OK  [0m] Reached target Cloud-init target.

Ubuntu 16.04.4 LTS docker ttyS0

docker login:          Stopping User Manager for UID 1000...
[[0;32m  OK  [0m] Stopped target Graphical Interface.
         Stopping Authenticate and Authorize Users to Run Privileged Tasks...
[[0;32m  OK  [0m] Closed Load/Save RF Kill Switch Status /dev/rfkill Watch.
         Stopping Accounts Service...
         Stopping ACPI event daemon...
         Stopping Session 1 of user vagrant.
[[0;32m  OK  [0m] Stopped target Cloud-init target.
[[0;32m  OK  [0m] Stopped target Timers.
[[0;32m  OK  [0m] Stopped Daily Cleanup of Temporary Directories.
[[0;32m  OK  [0m] Stopped Timer to automatically refresh installed snaps.
[[0;32m  OK  [0m] Stopped Daily apt upgrade and clean activities.
[[0;32m  OK  [0m] Stopped Daily apt download activities.
[[0;32m  OK  [0m] Stopped target System Time Synchronized.
[[0;32m  OK  [0m] Stopped Execute cloud user/final scripts.
[[0;32m  OK  [0m] Stopped Apply the settings specified in cloud-config.
[[0;32m  OK  [0m] Stopped target Cloud-config availability.
[[0;32m  OK  [0m] Stopped target Multi-User System.
         Stopping Regular background program processing daemon...
         Stopping LSB: Record successful boot for GRUB...
         Stopping LXD - container startup/shutdown...
         Stopping LSB: automatic crase         Stopping Serial Getty on ttyS0...
         Stopping Getty on tty1...
         Stopping Snappy daemon...
         Stopping LSB: VirtualBox Linux Additions...
         Stopping Deferred execution scheduler...
         Stopping System Logging Service...
         Stopping D-Bus System Message Bus...
         Stopping LSB: daemon to balance interrupts for SMP systems...
         Stopping FUSE filesystem for LXC...
         Stopping Unattended Upgrades Shutdown...
         Stopping LSB: Set the CPU Frequency Scaling governor to "ondemand"...
         Stopping OpenBSD Secure Shell server...
         Stopping Docker Application Container Engine...
[[0;32m  OK  [0m] Unmounted /var/lib/lxcfs.
[[0;32m  OK  [0m] Stopped OpenBSD Secure Shell server.
[[0;32m  OK  [0m] Stopped System Logging Service.
[[0;32m  OK  [0m] Stopped ACPI event daemon.
[[0;32m  OK  [0m] Stopped Snappy daemon.
[[0;32m  OK  [0m] Stopped Deferred execution scheduler.
[[0;32m  OK  [0m] Stopped Accounts Service.
[[0;32m  OK  [0m] Stopped Regular background program processing daemon.
[[0;32m  OK  [0m] Stopped Authenticate and Authorize Users to Run Privileged Tasks.
[[0;32m  OK  [0m] Stopped Serial Getty on ttyS0.
[[0;32m  OK  [0m] Stopped Getty on tty1.
[[0;32m  OK  [0m] Stopped User Manager for UID 1000.
[[0;32m  OK  [0m] Stopped Session 1 of user vagrant.
[[0;32m  OK  [0m] Stopped D-Bus System Message Bus.
[[0;32m  OK  [0m] Stopped Unattended Upgrades Shutdown.
[[0;32m  OK  [0m] Stopped FUSE filesystem for LXC.
[[0;32m  OK  [0m] Stopped LSB: Record successful boot for GRUB.
[[0;32m  OK  [0m] Stopped LXD - container startup/shutdown.
[[0;32m  OK  [0m] Stopped LSB: MD monitoring daemon.
[[0;32m  OK  [0m] Stopped LSB: automatic crash report generation.
[[0;32m  OK  [0m] Stopped LSB: daemon to balance interrupts for SMP systems.
[[0;32m  OK  [0m] Stopped LSB: VirtualBox Linux Additions.
[[0;32m  OK  [0m] Stopped LSB: Set the CPU Frequency Scaling governor to "ondemand".
[[0;32m  OK  [0m] Removed slice User Slice of vagrant.
         Stopping Login Service...
[[0;32m  OK  [0m] Removed slice system-getty.slice.
         Stopping Permit User Sessions...
[[0;32m  OK  [0m] Removed slice system-serial\x2dgetty.slice.
[[0;32m  OK  [0m] Stopped /etc/rc.local Compatibility.
[[0;32m  OK  [0m] Stopped Permit User Sessions.
[[0;32m  OK  [0m] Stopped target Remote File Systems.
[[0;32m  OK  [0m] Stopped target Remote File Systems (Pre).
         Stopping Login to default iSCSI targets...
[[0;32m  OK  [0m] Stopped Login Service.
[[0;32m  OK  [0m] Stopped target User and Group Name Lookups.
[[0;32m  OK  [0m] Stopped Docker Application Container Engine.
[[0;32m  OK  [0m] Stopped Login to default iSCSI targets.
         Stopping iSCSI initiator daemon (iscsid)...
[[0;32m  OK  [0m] Stopped target Basic System.
[[0;32m  OK  [0m] Stopped target Paths.
[[0;32m  OK  [0m] Stopped Forward Password Requests to Wall Directory Watch.
[[0;32m  OK  [0m] Stopped ACPI Events Check.
[[0;32m  OK  [0m] Stopped Dispatch Password Requests to Console Directory Watch.
[[0;32m  OK  [0m] Stopped target Sockets.
[[0;32m  OK  [0m] Closed LXD - unix socket.
[[0;32m  OK  [0m] Closed D-Bus System Message Bus Socket.
[[0;32m  OK  [0m] Closed UUID daemon activation socket.
[[0;32m  OK  [0m] Closed Socket activation for snappy daemon.
[[0;32m  OK  [0m] Closed ACPID Listen Socket.
[[0;32m  OK  [0m] Closed Syslog Socket.
[[0;32m  OK  [0m] Stopped target Slices.
[[0;32m  OK  [0m] Removed slice User and Session Slice.
[[0;32m  OK  [0m] Closed Docker Socket for the API.
[[0;32m  OK  [0m] Stopped target System Initialization.
         Stopping Load/Save Random Seed...
[[0;32m  OK  [0m] Stopped target Swap.
[[0;32m  OK  [0m] Stopped target Encrypted Volumes.
         Stopping Update UTMP about System Boot/Shutdown...
[[0;32m  OK  [0m] Stopped iSCSI initiator daemon (iscsid).
[[0;32m  OK  [0m] Stopped Load/Save Random Seed.
[[0;32m  OK  [0m] Stopped Update UTMP about System Boot/Shutdown.
[[0;32m  OK  [0m] Stopped Create Volatile Files and Directories.
[[0;32m  OK  [0m] Stopped target Network is Online.
[[0;32m  OK  [0m] Stopped Initial cloud-init job (metadata service crawler).
[[0;32m  OK  [0m] Stopped target Network.
         Stopping Raise network interfaces...
[[0;32m  OK  [0m] Stopped Raise network interfaces.
[[0;32m  OK  [0m] Stopped Apply Kernel Variables.
[[0;32m  OK  [0m] Stopped target Network (Pre).
[[0;32m  OK  [0m] Stopped Initial cloud-init job (pre-networking).
[[0;32m  OK  [0m] Stopped target Local File Systems.
         Unmounting /run/user/1000...
